Archive member included to satisfy reference by file (symbol)

C:/NXP/MCUXpressoIDE_24.12.148/ide/tools/bin/../lib/gcc/arm-none-eabi/13.2.1/thumb/v6-m/nofp\libgcc.a(_udivsi3.o)
                              CMakeFiles/new_project.elf.dir/17f62c31b1ff391f615546bae7210b75/curso-lse/workspace_lpc845/sdks/01.antirebote_sdk/devices/LPC845/system_LPC845.c.obj (__aeabi_uidiv)
C:/NXP/MCUXpressoIDE_24.12.148/ide/tools/bin/../lib/gcc/arm-none-eabi/13.2.1/thumb/v6-m/nofp\libgcc.a(_dvmd_tls.o)
                              C:/NXP/MCUXpressoIDE_24.12.148/ide/tools/bin/../lib/gcc/arm-none-eabi/13.2.1/thumb/v6-m/nofp\libgcc.a(_udivsi3.o) (__aeabi_idiv0)
C:/NXP/MCUXpressoIDE_24.12.148/ide/tools/bin/../lib/gcc/arm-none-eabi/13.2.1/thumb/v6-m/nofp\libgcc.a(_aeabi_uldivmod.o)
                              CMakeFiles/new_project.elf.dir/51379473afcbb21f9ac084c258db5091/workspace_lpc845/sdks/01.antirebote_sdk/devices/LPC845/drivers/fsl_clock.c.obj (__aeabi_uldivmod)
C:/NXP/MCUXpressoIDE_24.12.148/ide/tools/bin/../lib/gcc/arm-none-eabi/13.2.1/thumb/v6-m/nofp\libgcc.a(_muldi3.o)
                              CMakeFiles/new_project.elf.dir/51379473afcbb21f9ac084c258db5091/workspace_lpc845/sdks/01.antirebote_sdk/devices/LPC845/drivers/fsl_common_arm.c.obj (__aeabi_lmul)
C:/NXP/MCUXpressoIDE_24.12.148/ide/tools/bin/../lib/gcc/arm-none-eabi/13.2.1/thumb/v6-m/nofp\libgcc.a(_udivmoddi4.o)
                              C:/NXP/MCUXpressoIDE_24.12.148/ide/tools/bin/../lib/gcc/arm-none-eabi/13.2.1/thumb/v6-m/nofp\libgcc.a(_aeabi_uldivmod.o) (__udivmoddi4)
C:/NXP/MCUXpressoIDE_24.12.148/ide/tools/bin/../lib/gcc/arm-none-eabi/13.2.1/thumb/v6-m/nofp\libgcc.a(_clzdi2.o)
                              C:/NXP/MCUXpressoIDE_24.12.148/ide/tools/bin/../lib/gcc/arm-none-eabi/13.2.1/thumb/v6-m/nofp\libgcc.a(_udivmoddi4.o) (__clzdi2)
C:/NXP/MCUXpressoIDE_24.12.148/ide/tools/bin/../lib/gcc/arm-none-eabi/13.2.1/thumb/v6-m/nofp\libgcc.a(_clzsi2.o)
                              C:/NXP/MCUXpressoIDE_24.12.148/ide/tools/bin/../lib/gcc/arm-none-eabi/13.2.1/thumb/v6-m/nofp\libgcc.a(_clzdi2.o) (__clzsi2)
C:/NXP/MCUXpressoIDE_24.12.148/ide/tools/bin/../lib/gcc/arm-none-eabi/13.2.1/thumb/v6-m/nofp\libc_nano.a(libc_a-exit.o)
                              C:/NXP/MCUXpressoIDE_24.12.148/ide/tools/bin/../lib/gcc/arm-none-eabi/13.2.1/thumb/v6-m/nofp/crt0.o (exit)
C:/NXP/MCUXpressoIDE_24.12.148/ide/tools/bin/../lib/gcc/arm-none-eabi/13.2.1/thumb/v6-m/nofp\libc_nano.a(libc_a-malloc.o)
                              CMakeFiles/new_project.elf.dir/51379473afcbb21f9ac084c258db5091/workspace_lpc845/sdks/01.antirebote_sdk/devices/LPC845/drivers/fsl_common.c.obj (malloc)
C:/NXP/MCUXpressoIDE_24.12.148/ide/tools/bin/../lib/gcc/arm-none-eabi/13.2.1/thumb/v6-m/nofp\libc_nano.a(libc_a-mallocr.o)
                              C:/NXP/MCUXpressoIDE_24.12.148/ide/tools/bin/../lib/gcc/arm-none-eabi/13.2.1/thumb/v6-m/nofp\libc_nano.a(libc_a-malloc.o) (_malloc_r)
C:/NXP/MCUXpressoIDE_24.12.148/ide/tools/bin/../lib/gcc/arm-none-eabi/13.2.1/thumb/v6-m/nofp\libc_nano.a(libc_a-mlock.o)
                              C:/NXP/MCUXpressoIDE_24.12.148/ide/tools/bin/../lib/gcc/arm-none-eabi/13.2.1/thumb/v6-m/nofp\libc_nano.a(libc_a-mallocr.o) (__malloc_lock)
C:/NXP/MCUXpressoIDE_24.12.148/ide/tools/bin/../lib/gcc/arm-none-eabi/13.2.1/thumb/v6-m/nofp\libc_nano.a(libc_a-strtoul.o)
                              CMakeFiles/new_project.elf.dir/51379473afcbb21f9ac084c258db5091/workspace_lpc845/sdks/01.antirebote_sdk/devices/LPC845/utilities/str/fsl_str.c.obj (strtoul)
C:/NXP/MCUXpressoIDE_24.12.148/ide/tools/bin/../lib/gcc/arm-none-eabi/13.2.1/thumb/v6-m/nofp\libc_nano.a(libc_a-ctype_.o)
                              C:/NXP/MCUXpressoIDE_24.12.148/ide/tools/bin/../lib/gcc/arm-none-eabi/13.2.1/thumb/v6-m/nofp\libc_nano.a(libc_a-strtoul.o) (_ctype_)
C:/NXP/MCUXpressoIDE_24.12.148/ide/tools/bin/../lib/gcc/arm-none-eabi/13.2.1/thumb/v6-m/nofp\libc_nano.a(libc_a-findfp.o)
                              C:/NXP/MCUXpressoIDE_24.12.148/ide/tools/bin/../lib/gcc/arm-none-eabi/13.2.1/thumb/v6-m/nofp\libc_nano.a(libc_a-exit.o) (__stdio_exit_handler)
C:/NXP/MCUXpressoIDE_24.12.148/ide/tools/bin/../lib/gcc/arm-none-eabi/13.2.1/thumb/v6-m/nofp\libc_nano.a(libc_a-fwalk.o)
                              C:/NXP/MCUXpressoIDE_24.12.148/ide/tools/bin/../lib/gcc/arm-none-eabi/13.2.1/thumb/v6-m/nofp\libc_nano.a(libc_a-findfp.o) (_fwalk_sglue)
C:/NXP/MCUXpressoIDE_24.12.148/ide/tools/bin/../lib/gcc/arm-none-eabi/13.2.1/thumb/v6-m/nofp\libc_nano.a(libc_a-printf.o)
                              CMakeFiles/new_project.elf.dir/C_/Users/azori/OneDrive/Documentos/Taskflow/curso-lse/workspace_lpc845/01.antirebote/main.c.obj (printf)
C:/NXP/MCUXpressoIDE_24.12.148/ide/tools/bin/../lib/gcc/arm-none-eabi/13.2.1/thumb/v6-m/nofp\libc_nano.a(libc_a-stdio.o)
                              C:/NXP/MCUXpressoIDE_24.12.148/ide/tools/bin/../lib/gcc/arm-none-eabi/13.2.1/thumb/v6-m/nofp\libc_nano.a(libc_a-findfp.o) (__sread)
[...]
Memory Configuration

Name             Origin             Length             Attributes
m_interrupts     0x00000000         0x00000200         xr
m_crp            0x000002fc         0x00000004         xr
m_text           0x00000300         0x0000fd00         xr
m_data           0x10000000         0x00003fe0         rw
*default*        0x00000000         0xffffffff

Linker script and memory map

LOAD C:/NXP/MCUXpressoIDE_24.12.148/ide/tools/bin/../lib/gcc/arm-none-eabi/13.2.1/thumb/v6-m/nofp/crti.o
LOAD C:/NXP/MCUXpressoIDE_24.12.148/ide/tools/bin/../lib/gcc/arm-none-eabi/13.2.1/thumb/v6-m/nofp/crtbegin.o
LOAD C:/NXP/MCUXpressoIDE_24.12.148/ide/tools/bin/../lib/gcc/arm-none-eabi/13.2.1/thumb/v6-m/nofp/crt0.o
LOAD CMakeFiles/new_project.elf.dir/C_/Users/azori/OneDrive/Documentos/Taskflow/curso-lse/workspace_lpc845/01.antirebote/main.c.obj
LOAD CMakeFiles/new_project.elf.dir/C_/Users/azori/OneDrive/Documentos/Taskflow/curso-lse/workspace_lpc845/01.antirebote/peripherals.c.obj
LOAD CMakeFiles/new_project.elf.dir/C_/Users/azori/OneDrive/Documentos/Taskflow/curso-lse/workspace_lpc845/01.antirebote/pin_mux.c.obj
LOAD CMakeFiles/new_project.elf.dir/C_/Users/azori/OneDrive/Documentos/Taskflow/curso-lse/workspace_lpc845/01.antirebote/board.c.obj
LOAD CMakeFiles/new_project.elf.dir/C_/Users/azori/OneDrive/Documentos/Taskflow/curso-lse/workspace_lpc845/01.antirebote/clock_config.c.obj
LOAD CMakeFiles/new_project.elf.dir/C_/Users/azori/OneDrive/Documentos/Taskflow/curso-lse/workspace_lpc845/01.antirebote/hardware_init.c.obj
LOAD CMakeFiles/new_project.elf.dir/51379473afcbb21f9ac084c258db5091/workspace_lpc845/sdks/01.antirebote_sdk/components/uart/fsl_adapter_miniusart.c.obj
LOAD CMakeFiles/new_project.elf.dir/51379473afcbb21f9ac084c258db5091/workspace_lpc845/sdks/01.antirebote_sdk/devices/LPC845/gcc/startup_LPC845.S.obj
LOAD CMakeFiles/new_project.elf.dir/17f62c31b1ff391f615546bae7210b75/curso-lse/workspace_lpc845/sdks/01.antirebote_sdk/devices/LPC845/system_LPC845.c.obj
LOAD CMakeFiles/new_project.elf.dir/51379473afcbb21f9ac084c258db5091/workspace_lpc845/sdks/01.antirebote_sdk/devices/LPC845/drivers/fsl_clock.c.obj
LOAD CMakeFiles/new_project.elf.dir/51379473afcbb21f9ac084c258db5091/workspace_lpc845/sdks/01.antirebote_sdk/devices/LPC845/drivers/fsl_common.c.obj
LOAD CMakeFiles/new_project.elf.dir/51379473afcbb21f9ac084c258db5091/workspace_lpc845/sdks/01.antirebote_sdk/devices/LPC845/drivers/fsl_common_arm.c.obj
LOAD CMakeFiles/new_project.elf.dir/51379473afcbb21f9ac084c258db5091/workspace_lpc845/sdks/01.antirebote_sdk/devices/LPC845/drivers/fsl_inputmux.c.obj
LOAD CMakeFiles/new_project.elf.dir/51379473afcbb21f9ac084c258db5091/workspace_lpc845/sdks/01.antirebote_sdk/devices/LPC845/drivers/fsl_gpio.c.obj
LOAD CMakeFiles/new_project.elf.dir/51379473afcbb21f9ac084c258db5091/workspace_lpc845/sdks/01.antirebote_sdk/devices/LPC845/drivers/fsl_usart.c.obj
LOAD CMakeFiles/new_project.elf.dir/51379473afcbb21f9ac084c258db5091/workspace_lpc845/sdks/01.antirebote_sdk/devices/LPC845/drivers/fsl_power.c.obj
LOAD CMakeFiles/new_project.elf.dir/51379473afcbb21f9ac084c258db5091/workspace_lpc845/sdks/01.antirebote_sdk/devices/LPC845/drivers/fsl_reset.c.obj
LOAD CMakeFiles/new_project.elf.dir/17f62c31b1ff391f615546bae7210b75/curso-lse/workspace_lpc845/sdks/01.antirebote_sdk/devices/LPC845/drivers/fsl_swm.c.obj
LOAD CMakeFiles/new_project.elf.dir/51379473afcbb21f9ac084c258db5091/workspace_lpc845/sdks/01.antirebote_sdk/devices/LPC845/drivers/fsl_syscon.c.obj
LOAD CMakeFiles/new_project.elf.dir/7fd1c77224803d54901fb0ea1978e605/sdks/01.antirebote_sdk/devices/LPC845/utilities/fsl_syscall_stub.c.obj
LOAD CMakeFiles/new_project.elf.dir/51379473afcbb21f9ac084c258db5091/workspace_lpc845/sdks/01.antirebote_sdk/devices/LPC845/utilities/fsl_sbrk.c.obj
LOAD CMakeFiles/new_project.elf.dir/7fd1c77224803d54901fb0ea1978e605/sdks/01.antirebote_sdk/devices/LPC845/utilities/debug_console_lite/fsl_assert.c.obj
LOAD CMakeFiles/new_project.elf.dir/126f8b18a64c71b7b3cd0142d3fac2f2/01.antirebote_sdk/devices/LPC845/utilities/debug_console_lite/fsl_debug_console.c.obj
LOAD CMakeFiles/new_project.elf.dir/51379473afcbb21f9ac084c258db5091/workspace_lpc845/sdks/01.antirebote_sdk/devices/LPC845/utilities/str/fsl_str.c.obj
START GROUP
LOAD C:/NXP/MCUXpressoIDE_24.12.148/ide/tools/bin/../lib/gcc/arm-none-eabi/13.2.1/thumb/v6-m/nofp\libgcc.a
LOAD C:/NXP/MCUXpressoIDE_24.12.148/ide/tools/bin/../lib/gcc/arm-none-eabi/13.2.1/thumb/v6-m/nofp\libc_nano.a
LOAD C:/NXP/MCUXpressoIDE_24.12.148/ide/tools/bin/../lib/gcc/arm-none-eabi/13.2.1/thumb/v6-m/nofp\libm.a
LOAD C:/NXP/MCUXpressoIDE_24.12.148/ide/tools/bin/../lib/gcc/arm-none-eabi/13.2.1/../../../../arm-none-eabi/lib/thumb/v6-m/nofp\libcr_newlib_nohost.a
END GROUP
START GROUP
LOAD C:/NXP/MCUXpressoIDE_24.12.148/ide/tools/bin/../lib/gcc/arm-none-eabi/13.2.1/thumb/v6-m/nofp\libgcc.a
LOAD C:/NXP/MCUXpressoIDE_24.12.148/ide/tools/bin/../lib/gcc/arm-none-eabi/13.2.1/thumb/v6-m/nofp\libg_nano.a
LOAD C:/NXP/MCUXpressoIDE_24.12.148/ide/tools/bin/../lib/gcc/arm-none-eabi/13.2.1/thumb/v6-m/nofp\libc_nano.a
END GROUP
START GROUP
LOAD C:/NXP/MCUXpressoIDE_24.12.148/ide/tools/bin/../lib/gcc/arm-none-eabi/13.2.1/thumb/v6-m/nofp\libgcc.a
LOAD C:/NXP/MCUXpressoIDE_24.12.148/ide/tools/bin/../lib/gcc/arm-none-eabi/13.2.1/thumb/v6-m/nofp\libc_nano.a
LOAD C:/NXP/MCUXpressoIDE_24.12.148/ide/tools/bin/../lib/gcc/arm-none-eabi/13.2.1/thumb/v6-m/nofp\libnosys.a
END GROUP
START GROUP
LOAD C:/NXP/MCUXpressoIDE_24.12.148/ide/tools/bin/../lib/gcc/arm-none-eabi/13.2.1/thumb/v6-m/nofp\libgcc.a
LOAD C:/NXP/MCUXpressoIDE_24.12.148/ide/tools/bin/../lib/gcc/arm-none-eabi/13.2.1/thumb/v6-m/nofp\libc_nano.a
LOAD C:/NXP/MCUXpressoIDE_24.12.148/ide/tools/bin/../lib/gcc/arm-none-eabi/13.2.1/thumb/v6-m/nofp\libnosys.a
END GROUP
LOAD C:/NXP/MCUXpressoIDE_24.12.148/ide/tools/bin/../lib/gcc/arm-none-eabi/13.2.1/thumb/v6-m/nofp/crtend.o
LOAD C:/NXP/MCUXpressoIDE_24.12.148/ide/tools/bin/../lib/gcc/arm-none-eabi/13.2.1/thumb/v6-m/nofp/crtn.o
                0x00000400                        HEAP_SIZE = DEFINED (__heap_size__)?__heap_size__:0x400
                0x00000800                        STACK_SIZE = DEFINED (__stack_size__)?__stack_size__:0x800
                0xefffb4f9                        __valid_user_code_checksum = (0x0 - ((((__StackTop + Reset_Handler) + NMI_Handler) + HardFault_Handler) + 0x3))

.interrupts     0x00000000       0xc0
                0x00000000                        . = ALIGN (0x4)
 *(.isr_vector)
 .isr_vector    0x00000000       0xc0 CMakeFiles/new_project.elf.dir/51379473afcbb21f9ac084c258db5091/workspace_lpc845/sdks/01.antirebote_sdk/devices/LPC845/gcc/startup_LPC845.S.obj
                0x00000000                __Vectors
                0x000000c0                        . = ALIGN (0x4)

.crp            0x000002fc        0x4
                0x000002fc                        . = ALIGN (0x4)
 *(.crp)
 .crp           0x000002fc        0x4 CMakeFiles/new_project.elf.dir/51379473afcbb21f9ac084c258db5091/workspace_lpc845/sdks/01.antirebote_sdk/devices/LPC845/gcc/startup_LPC845.S.obj
                0x00000300                        . = ALIGN (0x4)

.text           0x00000300     0x2058
                0x00000300                        . = ALIGN (0x4)
 *(.text)
 .text          0x00000300       0x80 C:/NXP/MCUXpressoIDE_24.12.148/ide/tools/bin/../lib/gcc/arm-none-eabi/13.2.1/thumb/v6-m/nofp/crt0.o
                0x00000300                _stack_init
                0x0000030c                _start
                0x0000030c                _mainCRTStartup
 .text          0x00000380      0x17c CMakeFiles/new_project.elf.dir/51379473afcbb21f9ac084c258db5091/workspace_lpc845/sdks/01.antirebote_sdk/devices/LPC845/gcc/startup_LPC845.S.obj
                0x00000380                Reset_Handler
                0x000003cc                BOD_DriverIRQHandler
                0x000003cc                ADC0_OVR_DriverIRQHandler
                0x000003cc                SCT0_DriverIRQHandler
                0x000003cc                DMA0_DriverIRQHandler
                0x000003cc                ADC0_THCMP_DriverIRQHandler
                0x000003cc                SPI1_DriverIRQHandler
                0x000003cc                I2C0_DriverIRQHandler
                0x000003cc                I2C1_DriverIRQHandler
                0x000003cc                PIN_INT1_DriverIRQHandler
                0x000003cc                CMP_CAPT_DriverIRQHandler
                0x000003cc                WDT_DriverIRQHandler
                0x000003cc                I2C3_DriverIRQHandler
                0x000003cc                CTIMER0_DriverIRQHandler
                0x000003cc                PIN_INT3_DriverIRQHandler
                0x000003cc                PIN_INT5_DAC1_DriverIRQHandler
                0x000003cc                PIN_INT2_DriverIRQHandler
                0x000003cc                ADC0_SEQB_DriverIRQHandler
                0x000003cc                I2C2_DriverIRQHandler
                0x000003cc                PIN_INT0_DriverIRQHandler
                0x000003cc                FLASH_DriverIRQHandler
                0x000003cc                Reserved22_DriverIRQHandler
                0x000003cc                SPI0_DriverIRQHandler
                0x000003cc                ADC0_SEQA_DriverIRQHandler
                0x000003cc                WKT_DriverIRQHandler
                0x000003cc                DAC0_DriverIRQHandler
                0x000003cc                MRT0_DriverIRQHandler
                0x000003cc                PIN_INT4_DriverIRQHandler
                0x000003cc                DefaultISR
                0x000003d0                NMI_Handler
                0x000003d4                HardFault_Handler
                0x000003d8                SVC_Handler
                0x000003dc                PendSV_Handler
                0x000003e0                SysTick_Handler
                0x000003e4                SPI0_IRQHandler
                0x000003e8                SPI1_IRQHandler
                0x000003ec                DAC0_IRQHandler
                0x000003f0                USART0_IRQHandler
                0x000003f4                USART1_IRQHandler
                0x000003f8                USART2_IRQHandler
                0x000003fc                Reserved22_IRQHandler
                0x00000400                I2C1_IRQHandler
                0x00000404                I2C0_IRQHandler
                0x00000408                SCT0_IRQHandler
                0x0000040c                MRT0_IRQHandler
                0x00000410                CMP_CAPT_IRQHandler
                0x00000414                WDT_IRQHandler
                0x00000418                BOD_IRQHandler
                0x0000041c                FLASH_IRQHandler
                0x00000420                WKT_IRQHandler
                0x00000424                ADC0_SEQA_IRQHandler
                0x00000428                ADC0_SEQB_IRQHandler
                0x0000042c                ADC0_THCMP_IRQHandler
                0x00000430                ADC0_OVR_IRQHandler
                0x00000434                DMA0_IRQHandler
                0x00000438                I2C2_IRQHandler
                0x0000043c                I2C3_IRQHandler
                0x00000440                CTIMER0_IRQHandler
                0x00000444                PIN_INT0_IRQHandler
                0x00000448                PIN_INT1_IRQHandler
                0x0000044c                PIN_INT2_IRQHandler
                0x00000450                PIN_INT3_IRQHandler
                0x00000454                PIN_INT4_IRQHandler
                0x00000458                PIN_INT5_DAC1_IRQHandler
                0x0000045c                PIN_INT6_USART3_IRQHandler
                0x00000460                PIN_INT7_USART4_IRQHandler
 .text          0x000004fc      0x114 C:/NXP/MCUXpressoIDE_24.12.148/ide/tools/bin/../lib/gcc/arm-none-eabi/13.2.1/thumb/v6-m/nofp\libgcc.a(_udivsi3.o)
                0x000004fc                __aeabi_uidiv
                0x000004fc                __udivsi3
                0x00000608                __aeabi_uidivmod
 .text          0x00000610        0x4 C:/NXP/MCUXpressoIDE_24.12.148/ide/tools/bin/../lib/gcc/arm-none-eabi/13.2.1/thumb/v6-m/nofp\libgcc.a(_dvmd_tls.o)
                0x00000610                __aeabi_idiv0
                0x00000610                __aeabi_ldiv0
 .text          0x00000614        0xe C:/NXP/MCUXpressoIDE_24.12.148/ide/tools/bin/../lib/gcc/arm-none-eabi/13.2.1/thumb/v6-m/nofp\libc_nano.a(libc_a-strlen.o)
                0x00000614                strlen
 *fill*         0x00000622        0x2 
 .text          0x00000624       0x14 C:/NXP/MCUXpressoIDE_24.12.148/ide/tools/bin/../lib/gcc/arm-none-eabi/13.2.1/thumb/v6-m/nofp\libgcc.a(_thumb1_case_shi.o)
                0x00000624                __gnu_thumb1_case_shi
 *(.text*)
 .text.deregister_tm_clones
                0x00000638       0x20 C:/NXP/MCUXpressoIDE_24.12.148/ide/tools/bin/../lib/gcc/arm-none-eabi/13.2.1/thumb/v6-m/nofp/crtbegin.o
 .text.register_tm_clones
                0x00000658       0x28 C:/NXP/MCUXpressoIDE_24.12.148/ide/tools/bin/../lib/gcc/arm-none-eabi/13.2.1/thumb/v6-m/nofp/crtbegin.o
 .text.__do_global_dtors_aux
                0x00000680       0x2c C:/NXP/MCUXpressoIDE_24.12.148/ide/tools/bin/../lib/gcc/arm-none-eabi/13.2.1/thumb/v6-m/nofp/crtbegin.o
 .text.frame_dummy
                0x000006ac       0x24 C:/NXP/MCUXpressoIDE_24.12.148/ide/tools/bin/../lib/gcc/arm-none-eabi/13.2.1/thumb/v6-m/nofp/crtbegin.o
 .text.GPIO_PinRead
                0x000006d0       0x24 CMakeFiles/new_project.elf.dir/C_/Users/azori/OneDrive/Documentos/Taskflow/curso-lse/workspace_lpc845/01.antirebote/main.c.obj
 .text.main     0x000006f4       0xa8 CMakeFiles/new_project.elf.dir/C_/Users/azori/OneDrive/Documentos/Taskflow/curso-lse/workspace_lpc845/01.antirebote/main.c.obj
                0x000006f4                main
 .text.SystemInit
                0x0000079c       0x2c CMakeFiles/new_project.elf.dir/17f62c31b1ff391f615546bae7210b75/curso-lse/workspace_lpc845/sdks/01.antirebote_sdk/devices/LPC845/system_LPC845.c.obj
                0x0000079c                SystemInit
 .text.SystemInitHook
                0x000007c8        0xa CMakeFiles/new_project.elf.dir/17f62c31b1ff391f615546bae7210b75/curso-lse/workspace_lpc845/sdks/01.antirebote_sdk/devices/LPC845/system_LPC845.c.obj
                0x000007c8                SystemInitHook
 *fill*         0x000007d2        0x2 
 .text.CLOCK_EnableClock
                0x000007d4       0x54 CMakeFiles/new_project.elf.dir/51379473afcbb21f9ac084c258db5091/workspace_lpc845/sdks/01.antirebote_sdk/devices/LPC845/drivers/fsl_gpio.c.obj
 .text.GPIO_EnablePortClock
                0x00000828       0x44 CMakeFiles/new_project.elf.dir/51379473afcbb21f9ac084c258db5091/workspace_lpc845/sdks/01.antirebote_sdk/devices/LPC845/drivers/fsl_gpio.c.obj
 .text.GPIO_PortInit
                0x0000086c       0x30 CMakeFiles/new_project.elf.dir/51379473afcbb21f9ac084c258db5091/workspace_lpc845/sdks/01.antirebote_sdk/devices/LPC845/drivers/fsl_gpio.c.obj
                0x0000086c                GPIO_PortInit
 .text.GPIO_PinInit
                0x0000089c       0xc0 CMakeFiles/new_project.elf.dir/51379473afcbb21f9ac084c258db5091/workspace_lpc845/sdks/01.antirebote_sdk/devices/LPC845/drivers/fsl_gpio.c.obj
                0x0000089c                GPIO_PinInit
 .text.USART0_DriverIRQHandler
                0x0000095c       0x24 CMakeFiles/new_project.elf.dir/51379473afcbb21f9ac084c258db5091/workspace_lpc845/sdks/01.antirebote_sdk/devices/LPC845/drivers/fsl_usart.c.obj
                0x0000095c                USART0_DriverIRQHandler
 .text.USART1_DriverIRQHandler
                0x00000980       0x24 CMakeFiles/new_project.elf.dir/51379473afcbb21f9ac084c258db5091/workspace_lpc845/sdks/01.antirebote_sdk/devices/LPC845/drivers/fsl_usart.c.obj
                0x00000980                USART1_DriverIRQHandler
 .text.USART2_DriverIRQHandler
                0x000009a4       0x24 CMakeFiles/new_project.elf.dir/51379473afcbb21f9ac084c258db5091/workspace_lpc845/sdks/01.antirebote_sdk/devices/LPC845/drivers/fsl_usart.c.obj
                0x000009a4                USART2_DriverIRQHandler
 .text.PIN_INT6_USART3_DriverIRQHandler
                0x000009c8       0x24 CMakeFiles/new_project.elf.dir/51379473afcbb21f9ac084c258db5091/workspace_lpc845/sdks/01.antirebote_sdk/devices/LPC845/drivers/fsl_usart.c.obj
                0x000009c8                PIN_INT6_USART3_DriverIRQHandler
 .text.PIN_INT7_USART4_DriverIRQHandler
                0x000009ec       0x24 CMakeFiles/new_project.elf.dir/51379473afcbb21f9ac084c258db5091/workspace_lpc845/sdks/01.antirebote_sdk/devices/LPC845/drivers/fsl_usart.c.obj
                0x000009ec                PIN_INT7_USART4_DriverIRQHandler
 .text.RESET_SetPeripheralReset
                0x00000a10       0x7c CMakeFiles/new_project.elf.dir/51379473afcbb21f9ac084c258db5091/workspace_lpc845/sdks/01.antirebote_sdk/devices/LPC845/drivers/fsl_reset.c.obj
                0x00000a10                RESET_SetPeripheralReset
 .text.RESET_ClearPeripheralReset
                0x00000a8c       0x78 CMakeFiles/new_project.elf.dir/51379473afcbb21f9ac084c258db5091/workspace_lpc845/sdks/01.antirebote_sdk/devices/LPC845/drivers/fsl_reset.c.obj
                0x00000a8c                RESET_ClearPeripheralReset
 .text.RESET_PeripheralReset
                0x00000b04       0x20 CMakeFiles/new_project.elf.dir/51379473afcbb21f9ac084c258db5091/workspace_lpc845/sdks/01.antirebote_sdk/devices/LPC845/drivers/fsl_reset.c.obj
                0x00000b04                RESET_PeripheralReset
 .text._write   0x00000b24       0x22 CMakeFiles/new_project.elf.dir/7fd1c77224803d54901fb0ea1978e605/sdks/01.antirebote_sdk/devices/LPC845/utilities/fsl_syscall_stub.c.obj
                0x00000b24                _write
 .text._read    0x00000b46       0x22 CMakeFiles/new_project.elf.dir/7fd1c77224803d54901fb0ea1978e605/sdks/01.antirebote_sdk/devices/LPC845/utilities/fsl_syscall_stub.c.obj
                0x00000b46                _read
 .text._close   0x00000b68       0x1e CMakeFiles/new_project.elf.dir/7fd1c77224803d54901fb0ea1978e605/sdks/01.antirebote_sdk/devices/LPC845/utilities/fsl_syscall_stub.c.obj
                0x00000b68                _close
 .text._lseek   0x00000b86       0x22 CMakeFiles/new_project.elf.dir/7fd1c77224803d54901fb0ea1978e605/sdks/01.antirebote_sdk/devices/LPC845/utilities/fsl_syscall_stub.c.obj
                0x00000b86                _lseek
 .text._fstat   0x00000ba8       0x20 CMakeFiles/new_project.elf.dir/7fd1c77224803d54901fb0ea1978e605/sdks/01.antirebote_sdk/devices/LPC845/utilities/fsl_syscall_stub.c.obj
                0x00000ba8                _fstat
 .text._isatty  0x00000bc8       0x1c CMakeFiles/new_project.elf.dir/7fd1c77224803d54901fb0ea1978e605/sdks/01.antirebote_sdk/devices/LPC845/utilities/fsl_syscall_stub.c.obj
                0x00000bc8                _isatty
 .text._sbrk    0x00000be4       0x68 CMakeFiles/new_project.elf.dir/51379473afcbb21f9ac084c258db5091/workspace_lpc845/sdks/01.antirebote_sdk/devices/LPC845/utilities/fsl_sbrk.c.obj
                0x00000be4                _sbrk
 .text.fsl_assert_hook
                0x00000c4c       0x16 CMakeFiles/new_project.elf.dir/7fd1c77224803d54901fb0ea1978e605/sdks/01.antirebote_sdk/devices/LPC845/utilities/debug_console_lite/fsl_assert.c.obj
                0x00000c4c                fsl_assert_hook
 *fill*         0x00000c62        0x2 
 .text.__assert_func
                0x00000c64       0x34 CMakeFiles/new_project.elf.dir/7fd1c77224803d54901fb0ea1978e605/sdks/01.antirebote_sdk/devices/LPC845/utilities/debug_console_lite/fsl_assert.c.obj
                0x00000c64                __assert_func
 .text.DbgConsole_Printf
                0x00000c98       0x32 CMakeFiles/new_project.elf.dir/126f8b18a64c71b7b3cd0142d3fac2f2/01.antirebote_sdk/devices/LPC845/utilities/debug_console_lite/fsl_debug_console.c.obj
                0x00000c98                DbgConsole_Printf
 *fill*         0x00000cca        0x2 
 .text.DbgConsole_Vprintf
                0x00000ccc       0x40 CMakeFiles/new_project.elf.dir/126f8b18a64c71b7b3cd0142d3fac2f2/01.antirebote_sdk/devices/LPC845/utilities/debug_console_lite/fsl_debug_console.c.obj
                0x00000ccc                DbgConsole_Vprintf
 .text.DbgConsole_Putchar
                0x00000d0c       0x30 CMakeFiles/new_project.elf.dir/126f8b18a64c71b7b3cd0142d3fac2f2/01.antirebote_sdk/devices/LPC845/utilities/debug_console_lite/fsl_debug_console.c.obj
                0x00000d0c                DbgConsole_Putchar
 .text.DbgConsole_PrintfPaddingCharacter
                0x00000d3c       0x48 CMakeFiles/new_project.elf.dir/126f8b18a64c71b7b3cd0142d3fac2f2/01.antirebote_sdk/devices/LPC845/utilities/debug_console_lite/fsl_debug_console.c.obj
 .text.DbgConsole_ConvertRadixNumToString
                0x00000d84       0xc2 CMakeFiles/new_project.elf.dir/126f8b18a64c71b7b3cd0142d3fac2f2/01.antirebote_sdk/devices/LPC845/utilities/debug_console_lite/fsl_debug_console.c.obj
 .text.DbgConsole_PrintfFormattedData
                0x00000e46      0x3da CMakeFiles/new_project.elf.dir/126f8b18a64c71b7b3cd0142d3fac2f2/01.antirebote_sdk/devices/LPC845/utilities/debug_console_lite/fsl_debug_console.c.obj
 .text.exit     0x00001220       0x28 C:/NXP/MCUXpressoIDE_24.12.148/ide/tools/bin/../lib/gcc/arm-none-eabi/13.2.1/thumb/v6-m/nofp\libc_nano.a(libc_a-exit.o)
                0x00001220                exit
 .text.sbrk_aligned
                0x00001248       0x44 C:/NXP/MCUXpressoIDE_24.12.148/ide/tools/bin/../lib/gcc/arm-none-eabi/13.2.1/thumb/v6-m/nofp\libc_nano.a(libc_a-mallocr.o)
 .text._malloc_r
                0x0000128c      0x100 C:/NXP/MCUXpressoIDE_24.12.148/ide/tools/bin/../lib/gcc/arm-none-eabi/13.2.1/thumb/v6-m/nofp\libc_nano.a(libc_a-mallocr.o)
                0x0000128c                _malloc_r
 .text.__malloc_lock
                0x0000138c       0x10 C:/NXP/MCUXpressoIDE_24.12.148/ide/tools/bin/../lib/gcc/arm-none-eabi/13.2.1/thumb/v6-m/nofp\libc_nano.a(libc_a-mlock.o)
                0x0000138c                __malloc_lock
 .text.__malloc_unlock
                0x0000139c       0x10 C:/NXP/MCUXpressoIDE_24.12.148/ide/tools/bin/../lib/gcc/arm-none-eabi/13.2.1/thumb/v6-m/nofp\libc_nano.a(libc_a-mlock.o)
                0x0000139c                __malloc_unlock
 .text.std      0x000013ac       0x6c C:/NXP/MCUXpressoIDE_24.12.148/ide/tools/bin/../lib/gcc/arm-none-eabi/13.2.1/thumb/v6-m/nofp\libc_nano.a(libc_a-findfp.o)
 .text.stdio_exit_handler
                0x00001418       0x1c C:/NXP/MCUXpressoIDE_24.12.148/ide/tools/bin/../lib/gcc/arm-none-eabi/13.2.1/thumb/v6-m/nofp\libc_nano.a(libc_a-findfp.o)
 .text.cleanup_stdio
                0x00001434       0x3c C:/NXP/MCUXpressoIDE_24.12.148/ide/tools/bin/../lib/gcc/arm-none-eabi/13.2.1/thumb/v6-m/nofp\libc_nano.a(libc_a-findfp.o)
 .text.global_stdio_init.part.0
                0x00001470       0x3c C:/NXP/MCUXpressoIDE_24.12.148/ide/tools/bin/../lib/gcc/arm-none-eabi/13.2.1/thumb/v6-m/nofp\libc_nano.a(libc_a-findfp.o)
 .text.__sfp_lock_acquire
                0x000014ac       0x10 C:/NXP/MCUXpressoIDE_24.12.148/ide/tools/bin/../lib/gcc/arm-none-eabi/13.2.1/thumb/v6-m/nofp\libc_nano.a(libc_a-findfp.o)
                0x000014ac                __sfp_lock_acquire
 .text.__sfp_lock_release
                0x000014bc       0x10 C:/NXP/MCUXpressoIDE_24.12.148/ide/tools/bin/../lib/gcc/arm-none-eabi/13.2.1/thumb/v6-m/nofp\libc_nano.a(libc_a-findfp.o)
                0x000014bc                __sfp_lock_release
 .text.__sinit  0x000014cc       0x30 C:/NXP/MCUXpressoIDE_24.12.148/ide/tools/bin/../lib/gcc/arm-none-eabi/13.2.1/thumb/v6-m/nofp\libc_nano.a(libc_a-findfp.o)
                0x000014cc                __sinit
 .text._fwalk_sglue
                0x000014fc       0x38 C:/NXP/MCUXpressoIDE_24.12.148/ide/tools/bin/../lib/gcc/arm-none-eabi/13.2.1/thumb/v6-m/nofp\libc_nano.a(libc_a-fwalk.o)
                0x000014fc                _fwalk_sglue
 .text.printf   0x00001534       0x20 C:/NXP/MCUXpressoIDE_24.12.148/ide/tools/bin/../lib/gcc/arm-none-eabi/13.2.1/thumb/v6-m/nofp\libc_nano.a(libc_a-printf.o)
                0x00001534                iprintf
                0x00001534                printf
 .text.__sread  0x00001554       0x28 C:/NXP/MCUXpressoIDE_24.12.148/ide/tools/bin/../lib/gcc/arm-none-eabi/13.2.1/thumb/v6-m/nofp\libc_nano.a(libc_a-stdio.o)
                0x00001554                __sread
 .text.__swrite
                0x0000157c       0x38 C:/NXP/MCUXpressoIDE_24.12.148/ide/tools/bin/../lib/gcc/arm-none-eabi/13.2.1/thumb/v6-m/nofp\libc_nano.a(libc_a-stdio.o)
                0x0000157c                __swrite
 .text.__sseek  0x000015b4       0x2c C:/NXP/MCUXpressoIDE_24.12.148/ide/tools/bin/../lib/gcc/arm-none-eabi/13.2.1/thumb/v6-m/nofp\libc_nano.a(libc_a-stdio.o)
                0x000015b4                __sseek
 .text.__sclose
                0x000015e0        0xc C:/NXP/MCUXpressoIDE_24.12.148/ide/tools/bin/../lib/gcc/arm-none-eabi/13.2.1/thumb/v6-m/nofp\libc_nano.a(libc_a-stdio.o)
                0x000015e0                __sclose
 .text.memset   0x000015ec       0x10 C:/NXP/MCUXpressoIDE_24.12.148/ide/tools/bin/../lib/gcc/arm-none-eabi/13.2.1/thumb/v6-m/nofp\libc_nano.a(libc_a-memset.o)
                0x000015ec                memset
 .text._close_r
                0x000015fc       0x24 C:/NXP/MCUXpressoIDE_24.12.148/ide/tools/bin/../lib/gcc/arm-none-eabi/13.2.1/thumb/v6-m/nofp\libc_nano.a(libc_a-closer.o)
                0x000015fc                _close_r
 .text._lseek_r
                0x00001620       0x28 C:/NXP/MCUXpressoIDE_24.12.148/ide/tools/bin/../lib/gcc/arm-none-eabi/13.2.1/thumb/v6-m/nofp\libc_nano.a(libc_a-lseekr.o)
                0x00001620                _lseek_r
 .text._read_r  0x00001648       0x28 C:/NXP/MCUXpressoIDE_24.12.148/ide/tools/bin/../lib/gcc/arm-none-eabi/13.2.1/thumb/v6-m/nofp\libc_nano.a(libc_a-readr.o)
                0x00001648                _read_r
 .text._sbrk_r  0x00001670       0x24 C:/NXP/MCUXpressoIDE_24.12.148/ide/tools/bin/../lib/gcc/arm-none-eabi/13.2.1/thumb/v6-m/nofp\libc_nano.a(libc_a-sbrkr.o)
                0x00001670                _sbrk_r
 .text._write_r
                0x00001694       0x28 C:/NXP/MCUXpressoIDE_24.12.148/ide/tools/bin/../lib/gcc/arm-none-eabi/13.2.1/thumb/v6-m/nofp\libc_nano.a(libc_a-writer.o)
                0x00001694                _write_r
 .text.__errno  0x000016bc        0xc C:/NXP/MCUXpressoIDE_24.12.148/ide/tools/bin/../lib/gcc/arm-none-eabi/13.2.1/thumb/v6-m/nofp\libc_nano.a(libc_a-errno.o)
                0x000016bc                __errno
 .text.__libc_init_array
                0x000016c8       0x48 C:/NXP/MCUXpressoIDE_24.12.148/ide/tools/bin/../lib/gcc/arm-none-eabi/13.2.1/thumb/v6-m/nofp\libc_nano.a(libc_a-init.o)
                0x000016c8                __libc_init_array
 .text.__retarget_lock_init_recursive
                0x00001710        0x2 C:/NXP/MCUXpressoIDE_24.12.148/ide/tools/bin/../lib/gcc/arm-none-eabi/13.2.1/thumb/v6-m/nofp\libc_nano.a(libc_a-lock.o)
                0x00001710                __retarget_lock_init_recursive
 .text.__retarget_lock_acquire_recursive
                0x00001712        0x2 C:/NXP/MCUXpressoIDE_24.12.148/ide/tools/bin/../lib/gcc/arm-none-eabi/13.2.1/thumb/v6-m/nofp\libc_nano.a(libc_a-lock.o)
                0x00001712                __retarget_lock_acquire_recursive
 .text.__retarget_lock_release_recursive
                0x00001714        0x2 C:/NXP/MCUXpressoIDE_24.12.148/ide/tools/bin/../lib/gcc/arm-none-eabi/13.2.1/thumb/v6-m/nofp\libc_nano.a(libc_a-lock.o)
                0x00001714                __retarget_lock_release_recursive
 .text.memcpy   0x00001716       0x12 C:/NXP/MCUXpressoIDE_24.12.148/ide/tools/bin/../lib/gcc/arm-none-eabi/13.2.1/thumb/v6-m/nofp\libc_nano.a(libc_a-memcpy-stub.o)
                0x00001716                memcpy
 .text._free_r  0x00001728       0x94 C:/NXP/MCUXpressoIDE_24.12.148/ide/tools/bin/../lib/gcc/arm-none-eabi/13.2.1/thumb/v6-m/nofp\libc_nano.a(libc_a-freer.o)
                0x00001728                _free_r
 .text.__sfputc_r
                0x000017bc       0x2a C:/NXP/MCUXpressoIDE_24.12.148/ide/tools/bin/../lib/gcc/arm-none-eabi/13.2.1/thumb/v6-m/nofp\libc_nano.a(libc_a-nano-vfprintf.o)
 .text.__sfputs_r
                0x000017e6       0x24 C:/NXP/MCUXpressoIDE_24.12.148/ide/tools/bin/../lib/gcc/arm-none-eabi/13.2.1/thumb/v6-m/nofp\libc_nano.a(libc_a-nano-vfprintf.o)
                0x000017e6                __sfputs_r
 *fill*         0x0000180a        0x2 
 .text._vfprintf_r
                0x0000180c      0x238 C:/NXP/MCUXpressoIDE_24.12.148/ide/tools/bin/../lib/gcc/arm-none-eabi/13.2.1/thumb/v6-m/nofp\libc_nano.a(libc_a-nano-vfprintf.o)
                0x0000180c                _vfprintf_r
                0x0000180c                _vfiprintf_r
 .text._printf_common
                0x00001a44       0xde C:/NXP/MCUXpressoIDE_24.12.148/ide/tools/bin/../lib/gcc/arm-none-eabi/13.2.1/thumb/v6-m/nofp\libc_nano.a(libc_a-nano-vfprintf_i.o)
                0x00001a44                _printf_common
 *fill*         0x00001b22        0x2 
 .text._printf_i
                0x00001b24      0x218 C:/NXP/MCUXpressoIDE_24.12.148/ide/tools/bin/../lib/gcc/arm-none-eabi/13.2.1/thumb/v6-m/nofp\libc_nano.a(libc_a-nano-vfprintf_i.o)
                0x00001b24                _printf_i
 .text.__sflush_r
                0x00001d3c      0x10c C:/NXP/MCUXpressoIDE_24.12.148/ide/tools/bin/../lib/gcc/arm-none-eabi/13.2.1/thumb/v6-m/nofp\libc_nano.a(libc_a-fflush.o)
                0x00001d3c                __sflush_r
 .text._fflush_r
                0x00001e48       0x56 C:/NXP/MCUXpressoIDE_24.12.148/ide/tools/bin/../lib/gcc/arm-none-eabi/13.2.1/thumb/v6-m/nofp\libc_nano.a(libc_a-fflush.o)
                0x00001e48                _fflush_r
 .text.__swbuf_r
                0x00001e9e       0x84 C:/NXP/MCUXpressoIDE_24.12.148/ide/tools/bin/../lib/gcc/arm-none-eabi/13.2.1/thumb/v6-m/nofp\libc_nano.a(libc_a-wbuf.o)
                0x00001e9e                __swbuf_r
 *fill*         0x00001f22        0x2 
 .text.__swsetup_r
                0x00001f24       0xbc C:/NXP/MCUXpressoIDE_24.12.148/ide/tools/bin/../lib/gcc/arm-none-eabi/13.2.1/thumb/v6-m/nofp\libc_nano.a(libc_a-wsetup.o)
                0x00001f24                __swsetup_r
 .text.memchr   0x00001fe0       0x16 C:/NXP/MCUXpressoIDE_24.12.148/ide/tools/bin/../lib/gcc/arm-none-eabi/13.2.1/thumb/v6-m/nofp\libc_nano.a(libc_a-memchr-stub.o)
                0x00001fe0                memchr
 *fill*         0x00001ff6        0x2 
 .text.__swhatbuf_r
                0x00001ff8       0x54 C:/NXP/MCUXpressoIDE_24.12.148/ide/tools/bin/../lib/gcc/arm-none-eabi/13.2.1/thumb/v6-m/nofp\libc_nano.a(libc_a-makebuf.o)
                0x00001ff8                __swhatbuf_r
 .text.__smakebuf_r
                0x0000204c       0x82 C:/NXP/MCUXpressoIDE_24.12.148/ide/tools/bin/../lib/gcc/arm-none-eabi/13.2.1/thumb/v6-m/nofp\libc_nano.a(libc_a-makebuf.o)
                0x0000204c                __smakebuf_r
 *fill*         0x000020ce        0x2 
 .text._fstat_r
                0x000020d0       0x24 C:/NXP/MCUXpressoIDE_24.12.148/ide/tools/bin/../lib/gcc/arm-none-eabi/13.2.1/thumb/v6-m/nofp\libc_nano.a(libc_a-fstatr.o)
                0x000020d0                _fstat_r
 .text._isatty_r
                0x000020f4       0x24 C:/NXP/MCUXpressoIDE_24.12.148/ide/tools/bin/../lib/gcc/arm-none-eabi/13.2.1/thumb/v6-m/nofp\libc_nano.a(libc_a-isattyr.o)
                0x000020f4                _isatty_r
 .text._exit    0x00002118        0x2 C:/NXP/MCUXpressoIDE_24.12.148/ide/tools/bin/../lib/gcc/arm-none-eabi/13.2.1/../../../../arm-none-eabi/lib/thumb/v6-m/nofp\libcr_newlib_nohost.a(_exit.o)
                0x00002118                _exit
 *(.rodata)
 *fill*         0x0000211a        0x2 
 .rodata        0x0000211c       0x1a CMakeFiles/new_project.elf.dir/C_/Users/azori/OneDrive/Documentos/Taskflow/curso-lse/workspace_lpc845/01.antirebote/main.c.obj
 *fill*         0x00002136        0x2 
 .rodata        0x00002138       0xa4 CMakeFiles/new_project.elf.dir/51379473afcbb21f9ac084c258db5091/workspace_lpc845/sdks/01.antirebote_sdk/devices/LPC845/drivers/fsl_gpio.c.obj
 .rodata        0x000021dc       0x91 CMakeFiles/new_project.elf.dir/51379473afcbb21f9ac084c258db5091/workspace_lpc845/sdks/01.antirebote_sdk/devices/LPC845/drivers/fsl_reset.c.obj
 *fill*         0x0000226d        0x3 
 .rodata        0x00002270       0x3e CMakeFiles/new_project.elf.dir/7fd1c77224803d54901fb0ea1978e605/sdks/01.antirebote_sdk/devices/LPC845/utilities/debug_console_lite/fsl_assert.c.obj
 *(.rodata*)
 *fill*         0x000022ae        0x2 
 .rodata.s_gpioClockName
                0x000022b0        0x4 CMakeFiles/new_project.elf.dir/51379473afcbb21f9ac084c258db5091/workspace_lpc845/sdks/01.antirebote_sdk/devices/LPC845/drivers/fsl_gpio.c.obj
 .rodata.s_gpioResets
                0x000022b4        0x8 CMakeFiles/new_project.elf.dir/51379473afcbb21f9ac084c258db5091/workspace_lpc845/sdks/01.antirebote_sdk/devices/LPC845/drivers/fsl_gpio.c.obj
 .rodata.__func__.0
                0x000022bc       0x15 CMakeFiles/new_project.elf.dir/51379473afcbb21f9ac084c258db5091/workspace_lpc845/sdks/01.antirebote_sdk/devices/LPC845/drivers/fsl_gpio.c.obj
 *fill*         0x000022d1        0x3 
 .rodata.__func__.1
                0x000022d4       0x19 CMakeFiles/new_project.elf.dir/51379473afcbb21f9ac084c258db5091/workspace_lpc845/sdks/01.antirebote_sdk/devices/LPC845/drivers/fsl_reset.c.obj
 *fill*         0x000022ed        0x3 
 .rodata.__func__.0
                0x000022f0       0x1b CMakeFiles/new_project.elf.dir/51379473afcbb21f9ac084c258db5091/workspace_lpc845/sdks/01.antirebote_sdk/devices/LPC845/drivers/fsl_reset.c.obj
 .rodata._vfprintf_r.str1.1
                0x0000230b       0x33 C:/NXP/MCUXpressoIDE_24.12.148/ide/tools/bin/../lib/gcc/arm-none-eabi/13.2.1/thumb/v6-m/nofp\libc_nano.a(libc_a-nano-vfprintf.o)
                                 0x11 (size before relaxing)
 .rodata._printf_i.str1.1
                0x0000233e       0x22 C:/NXP/MCUXpressoIDE_24.12.148/ide/tools/bin/../lib/gcc/arm-none-eabi/13.2.1/thumb/v6-m/nofp\libc_nano.a(libc_a-nano-vfprintf_i.o)
 *(.glue_7)
 .glue_7        0x0000233e        0x0 linker stubs
 *(.glue_7t)
 .glue_7t       0x0000233e        0x0 linker stubs
 *(.eh_frame)
 *fill*         0x0000233e        0x2 
 .eh_frame      0x00002340        0x0 C:/NXP/MCUXpressoIDE_24.12.148/ide/tools/bin/../lib/gcc/arm-none-eabi/13.2.1/thumb/v6-m/nofp/crtbegin.o
 *(.init)
 .init          0x00002340        0x4 C:/NXP/MCUXpressoIDE_24.12.148/ide/tools/bin/../lib/gcc/arm-none-eabi/13.2.1/thumb/v6-m/nofp/crti.o
                0x00002340                _init
 .init          0x00002344        0x8 C:/NXP/MCUXpressoIDE_24.12.148/ide/tools/bin/../lib/gcc/arm-none-eabi/13.2.1/thumb/v6-m/nofp/crtn.o
 *(.fini)
 .fini          0x0000234c        0x4 C:/NXP/MCUXpressoIDE_24.12.148/ide/tools/bin/../lib/gcc/arm-none-eabi/13.2.1/thumb/v6-m/nofp/crti.o
                0x0000234c                _fini
 .fini          0x00002350        0x8 C:/NXP/MCUXpressoIDE_24.12.148/ide/tools/bin/../lib/gcc/arm-none-eabi/13.2.1/thumb/v6-m/nofp/crtn.o
                0x00002358                        . = ALIGN (0x4)

.vfp11_veneer   0x00002358        0x0
 .vfp11_veneer  0x00002358        0x0 linker stubs

.v4_bx          0x00002358        0x0
 .v4_bx         0x00002358        0x0 linker stubs

.iplt           0x00002358        0x0
 .iplt          0x00002358        0x0 C:/NXP/MCUXpressoIDE_24.12.148/ide/tools/bin/../lib/gcc/arm-none-eabi/13.2.1/thumb/v6-m/nofp/crtbegin.o

.ARM.extab
 *(.ARM.extab* .gnu.linkonce.armextab.*)

.ARM            0x00002358        0x8
                0x00002358                        __exidx_start = .
 *(.ARM.exidx*)
 .ARM.exidx     0x00002358        0x8 C:/NXP/MCUXpressoIDE_24.12.148/ide/tools/bin/../lib/gcc/arm-none-eabi/13.2.1/thumb/v6-m/nofp/crt0.o
                                 0x10 (size before relaxing)
                0x00002360                        __exidx_end = .

.rel.dyn        0x00002360        0x0
 .rel.iplt      0x00002360        0x0 C:/NXP/MCUXpressoIDE_24.12.148/ide/tools/bin/../lib/gcc/arm-none-eabi/13.2.1/thumb/v6-m/nofp/crtbegin.o

.ctors          0x00002360        0x0
                0x00002360                        __CTOR_LIST__ = .
 *crtbegin.o(.ctors)
 *crtbegin?.o(.ctors)
 *(EXCLUDE_FILE(*crtend.o *crtend?.o) .ctors)
 *(SORT_BY_NAME(.ctors.*))
 *(.ctors)
                0x00002360                        __CTOR_END__ = .

.dtors          0x00002360        0x0
                0x00002360                        __DTOR_LIST__ = .
 *crtbegin.o(.dtors)
 *crtbegin?.o(.dtors)
 *(EXCLUDE_FILE(*crtend.o *crtend?.o) .dtors)
 *(SORT_BY_NAME(.dtors.*))
 *(.dtors)
                0x00002360                        __DTOR_END__ = .

.preinit_array  0x00002360        0x0
                0x00002360                        PROVIDE (__preinit_array_start = .)
 *(.preinit_array*)
                0x00002360                        PROVIDE (__preinit_array_end = .)

.init_array     0x00002360        0x4
                0x00002360                        PROVIDE (__init_array_start = .)
 *(SORT_BY_NAME(.init_array.*))
 *(.init_array*)
 .init_array    0x00002360        0x4 C:/NXP/MCUXpressoIDE_24.12.148/ide/tools/bin/../lib/gcc/arm-none-eabi/13.2.1/thumb/v6-m/nofp/crtbegin.o
                0x00002364                        PROVIDE (__init_array_end = .)

.fini_array     0x00002364        0x4
                [!provide]                        PROVIDE (__fini_array_start = .)
 *(SORT_BY_NAME(.fini_array.*))
 *(.fini_array*)
 .fini_array    0x00002364        0x4 C:/NXP/MCUXpressoIDE_24.12.148/ide/tools/bin/../lib/gcc/arm-none-eabi/13.2.1/thumb/v6-m/nofp/crtbegin.o
                [!provide]                        PROVIDE (__fini_array_end = .)
                0x00002368                        __etext = .
                0x00002368                        __DATA_ROM = .

.data           0x10000000       0x60 load address 0x00002368
                0x10000000                        . = ALIGN (0x4)
                0x10000000                        __DATA_RAM = .
                0x10000000                        __data_start__ = .
 *(.ramfunc*)
 *(.data)
 *(.data*)
 .data.SystemCoreClock
                0x10000000        0x4 CMakeFiles/new_project.elf.dir/17f62c31b1ff391f615546bae7210b75/curso-lse/workspace_lpc845/sdks/01.antirebote_sdk/devices/LPC845/system_LPC845.c.obj
                0x10000000                SystemCoreClock
 .data.__sglue  0x10000004        0xc C:/NXP/MCUXpressoIDE_24.12.148/ide/tools/bin/../lib/gcc/arm-none-eabi/13.2.1/thumb/v6-m/nofp\libc_nano.a(libc_a-findfp.o)
                0x10000004                __sglue
 .data._impure_ptr
                0x10000010        0x4 C:/NXP/MCUXpressoIDE_24.12.148/ide/tools/bin/../lib/gcc/arm-none-eabi/13.2.1/thumb/v6-m/nofp\libc_nano.a(libc_a-impure.o)
                0x10000010                _impure_ptr
 .data._impure_data
                0x10000014       0x4c C:/NXP/MCUXpressoIDE_24.12.148/ide/tools/bin/../lib/gcc/arm-none-eabi/13.2.1/thumb/v6-m/nofp\libc_nano.a(libc_a-impure.o)
                0x10000014                _impure_data
 *(.jcr*)
                0x10000060                        . = ALIGN (0x4)
                0x10000060                        __data_end__ = .
                0x000023c8                        __DATA_END = (__DATA_ROM + (__data_end__ - __data_start__))
                0x00010000                        text_end = (ORIGIN (m_text) + LENGTH (m_text))
                0x00000001                        ASSERT ((__DATA_END <= text_end), region m_text overflowed with text and data)

.tm_clone_table
                0x10000060        0x0 load address 0x000023c8
 .tm_clone_table
                0x10000060        0x0 C:/NXP/MCUXpressoIDE_24.12.148/ide/tools/bin/../lib/gcc/arm-none-eabi/13.2.1/thumb/v6-m/nofp/crtbegin.o
 .tm_clone_table
                0x10000060        0x0 C:/NXP/MCUXpressoIDE_24.12.148/ide/tools/bin/../lib/gcc/arm-none-eabi/13.2.1/thumb/v6-m/nofp/crtend.o

.igot.plt       0x10000060        0x0 load address 0x000023c8
 .igot.plt      0x10000060        0x0 C:/NXP/MCUXpressoIDE_24.12.148/ide/tools/bin/../lib/gcc/arm-none-eabi/13.2.1/thumb/v6-m/nofp/crtbegin.o

.bss            0x10000060      0x198 load address 0x000023c8
                0x10000060                        . = ALIGN (0x4)
                0x10000060                        __START_BSS = .
                0x10000060                        __bss_start__ = .
 *(.bss)
 *(.bss*)
 .bss.completed.1
                0x10000060        0x1 C:/NXP/MCUXpressoIDE_24.12.148/ide/tools/bin/../lib/gcc/arm-none-eabi/13.2.1/thumb/v6-m/nofp/crtbegin.o
 *fill*         0x10000061        0x3 
 .bss.object.0  0x10000064       0x18 C:/NXP/MCUXpressoIDE_24.12.148/ide/tools/bin/../lib/gcc/arm-none-eabi/13.2.1/thumb/v6-m/nofp/crtbegin.o
 .bss.s_usartHandle
                0x1000007c       0x14 CMakeFiles/new_project.elf.dir/51379473afcbb21f9ac084c258db5091/workspace_lpc845/sdks/01.antirebote_sdk/devices/LPC845/drivers/fsl_usart.c.obj
 .bss.s_usartIsr
                0x10000090        0x4 CMakeFiles/new_project.elf.dir/51379473afcbb21f9ac084c258db5091/workspace_lpc845/sdks/01.antirebote_sdk/devices/LPC845/drivers/fsl_usart.c.obj
 .bss.heap_end.0
                0x10000094        0x4 CMakeFiles/new_project.elf.dir/51379473afcbb21f9ac084c258db5091/workspace_lpc845/sdks/01.antirebote_sdk/devices/LPC845/utilities/fsl_sbrk.c.obj
 .bss.s_debugConsole
                0x10000098       0x14 CMakeFiles/new_project.elf.dir/126f8b18a64c71b7b3cd0142d3fac2f2/01.antirebote_sdk/devices/LPC845/utilities/debug_console_lite/fsl_debug_console.c.obj
 .bss.__malloc_sbrk_start
                0x100000ac        0x4 C:/NXP/MCUXpressoIDE_24.12.148/ide/tools/bin/../lib/gcc/arm-none-eabi/13.2.1/thumb/v6-m/nofp\libc_nano.a(libc_a-mallocr.o)
                0x100000ac                __malloc_sbrk_start
 .bss.__malloc_free_list
                0x100000b0        0x4 C:/NXP/MCUXpressoIDE_24.12.148/ide/tools/bin/../lib/gcc/arm-none-eabi/13.2.1/thumb/v6-m/nofp\libc_nano.a(libc_a-mallocr.o)
                0x100000b0                __malloc_free_list
 .bss.__sf      0x100000b4      0x138 C:/NXP/MCUXpressoIDE_24.12.148/ide/tools/bin/../lib/gcc/arm-none-eabi/13.2.1/thumb/v6-m/nofp\libc_nano.a(libc_a-findfp.o)
                0x100000b4                __sf
 .bss.__stdio_exit_handler
                0x100001ec        0x4 C:/NXP/MCUXpressoIDE_24.12.148/ide/tools/bin/../lib/gcc/arm-none-eabi/13.2.1/thumb/v6-m/nofp\libc_nano.a(libc_a-findfp.o)
                0x100001ec                __stdio_exit_handler
 .bss.errno     0x100001f0        0x4 C:/NXP/MCUXpressoIDE_24.12.148/ide/tools/bin/../lib/gcc/arm-none-eabi/13.2.1/thumb/v6-m/nofp\libc_nano.a(libc_a-reent.o)
                0x100001f0                errno
 .bss.__lock___malloc_recursive_mutex
                0x100001f4        0x1 C:/NXP/MCUXpressoIDE_24.12.148/ide/tools/bin/../lib/gcc/arm-none-eabi/13.2.1/thumb/v6-m/nofp\libc_nano.a(libc_a-lock.o)
                0x100001f4                __lock___malloc_recursive_mutex
 .bss.__lock___sfp_recursive_mutex
                0x100001f5        0x1 C:/NXP/MCUXpressoIDE_24.12.148/ide/tools/bin/../lib/gcc/arm-none-eabi/13.2.1/thumb/v6-m/nofp\libc_nano.a(libc_a-lock.o)
                0x100001f5                __lock___sfp_recursive_mutex
 *(COMMON)
                0x100001f8                        . = ALIGN (0x4)
 *fill*         0x100001f6        0x2 
                0x100001f8                        __bss_end__ = .
                0x100001f8                        __END_BSS = .

.heap           0x100001f8      0x400 load address 0x00002560
                0x100001f8                        . = ALIGN (0x8)
                0x100001f8                        __end__ = .
                0x100001f8                        PROVIDE (end = .)
                0x100001f8                        __HeapBase = .
                0x100005f8                        . = (. + HEAP_SIZE)
 *fill*         0x100001f8      0x400 
                0x100005f8                        __HeapLimit = .
                0x100005f8                        __heap_limit = .

.stack          0x100005f8      0x800 load address 0x00002960
                0x100005f8                        . = ALIGN (0x8)
                0x10000df8                        . = (. + STACK_SIZE)
 *fill*         0x100005f8      0x800 
                0x10003fe0                        __StackTop = (ORIGIN (m_data) + LENGTH (m_data))
                0x100037e0                        __StackLimit = (__StackTop - STACK_SIZE)
                0x10003fe0                        PROVIDE (__stack = __StackTop)

.ARM.attributes
                0x00000000       0x28
 *(.ARM.attributes)
 .ARM.attributes
                0x00000000       0x1e C:/NXP/MCUXpressoIDE_24.12.148/ide/tools/bin/../lib/gcc/arm-none-eabi/13.2.1/thumb/v6-m/nofp/crti.o
 .ARM.attributes
                0x0000001e       0x2c C:/NXP/MCUXpressoIDE_24.12.148/ide/tools/bin/../lib/gcc/arm-none-eabi/13.2.1/thumb/v6-m/nofp/crtbegin.o
 .ARM.attributes
                0x0000004a       0x1b C:/NXP/MCUXpressoIDE_24.12.148/ide/tools/bin/../lib/gcc/arm-none-eabi/13.2.1/thumb/v6-m/nofp/crt0.o
 .ARM.attributes
                0x00000065       0x2c CMakeFiles/new_project.elf.dir/C_/Users/azori/OneDrive/Documentos/Taskflow/curso-lse/workspace_lpc845/01.antirebote/main.c.obj
 .ARM.attributes
                0x00000091       0x1b CMakeFiles/new_project.elf.dir/51379473afcbb21f9ac084c258db5091/workspace_lpc845/sdks/01.antirebote_sdk/devices/LPC845/gcc/startup_LPC845.S.obj
 .ARM.attributes
                0x000000ac       0x2c CMakeFiles/new_project.elf.dir/17f62c31b1ff391f615546bae7210b75/curso-lse/workspace_lpc845/sdks/01.antirebote_sdk/devices/LPC845/system_LPC845.c.obj
 .ARM.attributes
                0x000000d8       0x2c CMakeFiles/new_project.elf.dir/51379473afcbb21f9ac084c258db5091/workspace_lpc845/sdks/01.antirebote_sdk/devices/LPC845/drivers/fsl_gpio.c.obj
 .ARM.attributes
                0x00000104       0x2c CMakeFiles/new_project.elf.dir/51379473afcbb21f9ac084c258db5091/workspace_lpc845/sdks/01.antirebote_sdk/devices/LPC845/drivers/fsl_usart.c.obj
 .ARM.attributes
                0x00000130       0x2c CMakeFiles/new_project.elf.dir/51379473afcbb21f9ac084c258db5091/workspace_lpc845/sdks/01.antirebote_sdk/devices/LPC845/drivers/fsl_reset.c.obj
 .ARM.attributes
                0x0000015c       0x2c CMakeFiles/new_project.elf.dir/7fd1c77224803d54901fb0ea1978e605/sdks/01.antirebote_sdk/devices/LPC845/utilities/fsl_syscall_stub.c.obj
 .ARM.attributes
                0x00000188       0x2c CMakeFiles/new_project.elf.dir/51379473afcbb21f9ac084c258db5091/workspace_lpc845/sdks/01.antirebote_sdk/devices/LPC845/utilities/fsl_sbrk.c.obj
 .ARM.attributes
                0x000001b4       0x2c CMakeFiles/new_project.elf.dir/7fd1c77224803d54901fb0ea1978e605/sdks/01.antirebote_sdk/devices/LPC845/utilities/debug_console_lite/fsl_assert.c.obj
 .ARM.attributes
                0x000001e0       0x2c CMakeFiles/new_project.elf.dir/126f8b18a64c71b7b3cd0142d3fac2f2/01.antirebote_sdk/devices/LPC845/utilities/debug_console_lite/fsl_debug_console.c.obj
 .ARM.attributes
                0x0000020c       0x1e C:/NXP/MCUXpressoIDE_24.12.148/ide/tools/bin/../lib/gcc/arm-none-eabi/13.2.1/thumb/v6-m/nofp\libgcc.a(_udivsi3.o)
 .ARM.attributes
                0x0000022a       0x1e C:/NXP/MCUXpressoIDE_24.12.148/ide/tools/bin/../lib/gcc/arm-none-eabi/13.2.1/thumb/v6-m/nofp\libgcc.a(_dvmd_tls.o)
 .ARM.attributes
                0x00000248       0x2c C:/NXP/MCUXpressoIDE_24.12.148/ide/tools/bin/../lib/gcc/arm-none-eabi/13.2.1/thumb/v6-m/nofp\libc_nano.a(libc_a-exit.o)
 .ARM.attributes
                0x00000274       0x2c C:/NXP/MCUXpressoIDE_24.12.148/ide/tools/bin/../lib/gcc/arm-none-eabi/13.2.1/thumb/v6-m/nofp\libc_nano.a(libc_a-mallocr.o)
 .ARM.attributes
                0x000002a0       0x2c C:/NXP/MCUXpressoIDE_24.12.148/ide/tools/bin/../lib/gcc/arm-none-eabi/13.2.1/thumb/v6-m/nofp\libc_nano.a(libc_a-mlock.o)
 .ARM.attributes
                0x000002cc       0x2c C:/NXP/MCUXpressoIDE_24.12.148/ide/tools/bin/../lib/gcc/arm-none-eabi/13.2.1/thumb/v6-m/nofp\libc_nano.a(libc_a-findfp.o)
 .ARM.attributes
                0x000002f8       0x2c C:/NXP/MCUXpressoIDE_24.12.148/ide/tools/bin/../lib/gcc/arm-none-eabi/13.2.1/thumb/v6-m/nofp\libc_nano.a(libc_a-fwalk.o)
 .ARM.attributes
                0x00000324       0x2c C:/NXP/MCUXpressoIDE_24.12.148/ide/tools/bin/../lib/gcc/arm-none-eabi/13.2.1/thumb/v6-m/nofp\libc_nano.a(libc_a-printf.o)
 .ARM.attributes
                0x00000350       0x2c C:/NXP/MCUXpressoIDE_24.12.148/ide/tools/bin/../lib/gcc/arm-none-eabi/13.2.1/thumb/v6-m/nofp\libc_nano.a(libc_a-stdio.o)
 .ARM.attributes
                0x0000037c       0x2c C:/NXP/MCUXpressoIDE_24.12.148/ide/tools/bin/../lib/gcc/arm-none-eabi/13.2.1/thumb/v6-m/nofp\libc_nano.a(libc_a-memset.o)
 .ARM.attributes
                0x000003a8       0x2c C:/NXP/MCUXpressoIDE_24.12.148/ide/tools/bin/../lib/gcc/arm-none-eabi/13.2.1/thumb/v6-m/nofp\libc_nano.a(libc_a-closer.o)
 .ARM.attributes
                0x000003d4       0x2c C:/NXP/MCUXpressoIDE_24.12.148/ide/tools/bin/../lib/gcc/arm-none-eabi/13.2.1/thumb/v6-m/nofp\libc_nano.a(libc_a-reent.o)
 .ARM.attributes
                0x00000400       0x2c C:/NXP/MCUXpressoIDE_24.12.148/ide/tools/bin/../lib/gcc/arm-none-eabi/13.2.1/thumb/v6-m/nofp\libc_nano.a(libc_a-impure.o)
 .ARM.attributes
                0x0000042c       0x2c C:/NXP/MCUXpressoIDE_24.12.148/ide/tools/bin/../lib/gcc/arm-none-eabi/13.2.1/thumb/v6-m/nofp\libc_nano.a(libc_a-lseekr.o)
 .ARM.attributes
                0x00000458       0x2c C:/NXP/MCUXpressoIDE_24.12.148/ide/tools/bin/../lib/gcc/arm-none-eabi/13.2.1/thumb/v6-m/nofp\libc_nano.a(libc_a-readr.o)
 .ARM.attributes
                0x00000484       0x2c C:/NXP/MCUXpressoIDE_24.12.148/ide/tools/bin/../lib/gcc/arm-none-eabi/13.2.1/thumb/v6-m/nofp\libc_nano.a(libc_a-sbrkr.o)
 .ARM.attributes
                0x000004b0       0x2c C:/NXP/MCUXpressoIDE_24.12.148/ide/tools/bin/../lib/gcc/arm-none-eabi/13.2.1/thumb/v6-m/nofp\libc_nano.a(libc_a-writer.o)
 .ARM.attributes
                0x000004dc       0x2c C:/NXP/MCUXpressoIDE_24.12.148/ide/tools/bin/../lib/gcc/arm-none-eabi/13.2.1/thumb/v6-m/nofp\libc_nano.a(libc_a-errno.o)
 .ARM.attributes
                0x00000508       0x2c C:/NXP/MCUXpressoIDE_24.12.148/ide/tools/bin/../lib/gcc/arm-none-eabi/13.2.1/thumb/v6-m/nofp\libc_nano.a(libc_a-init.o)
 .ARM.attributes
                0x00000534       0x2c C:/NXP/MCUXpressoIDE_24.12.148/ide/tools/bin/../lib/gcc/arm-none-eabi/13.2.1/thumb/v6-m/nofp\libc_nano.a(libc_a-lock.o)
 .ARM.attributes
                0x00000560       0x2c C:/NXP/MCUXpressoIDE_24.12.148/ide/tools/bin/../lib/gcc/arm-none-eabi/13.2.1/thumb/v6-m/nofp\libc_nano.a(libc_a-memcpy-stub.o)
 .ARM.attributes
                0x0000058c       0x1c C:/NXP/MCUXpressoIDE_24.12.148/ide/tools/bin/../lib/gcc/arm-none-eabi/13.2.1/thumb/v6-m/nofp\libc_nano.a(libc_a-strlen.o)
 .ARM.attributes
                0x000005a8       0x2c C:/NXP/MCUXpressoIDE_24.12.148/ide/tools/bin/../lib/gcc/arm-none-eabi/13.2.1/thumb/v6-m/nofp\libc_nano.a(libc_a-freer.o)
 .ARM.attributes
                0x000005d4       0x2c C:/NXP/MCUXpressoIDE_24.12.148/ide/tools/bin/../lib/gcc/arm-none-eabi/13.2.1/thumb/v6-m/nofp\libc_nano.a(libc_a-nano-vfprintf.o)
 .ARM.attributes
                0x00000600       0x2c C:/NXP/MCUXpressoIDE_24.12.148/ide/tools/bin/../lib/gcc/arm-none-eabi/13.2.1/thumb/v6-m/nofp\libc_nano.a(libc_a-nano-vfprintf_i.o)
 .ARM.attributes
                0x0000062c       0x2c C:/NXP/MCUXpressoIDE_24.12.148/ide/tools/bin/../lib/gcc/arm-none-eabi/13.2.1/thumb/v6-m/nofp\libc_nano.a(libc_a-fflush.o)
 .ARM.attributes
                0x00000658       0x2c C:/NXP/MCUXpressoIDE_24.12.148/ide/tools/bin/../lib/gcc/arm-none-eabi/13.2.1/thumb/v6-m/nofp\libc_nano.a(libc_a-wbuf.o)
 .ARM.attributes
                0x00000684       0x2c C:/NXP/MCUXpressoIDE_24.12.148/ide/tools/bin/../lib/gcc/arm-none-eabi/13.2.1/thumb/v6-m/nofp\libc_nano.a(libc_a-wsetup.o)
 .ARM.attributes
                0x000006b0       0x2c C:/NXP/MCUXpressoIDE_24.12.148/ide/tools/bin/../lib/gcc/arm-none-eabi/13.2.1/thumb/v6-m/nofp\libc_nano.a(libc_a-memchr-stub.o)
 .ARM.attributes
                0x000006dc       0x2c C:/NXP/MCUXpressoIDE_24.12.148/ide/tools/bin/../lib/gcc/arm-none-eabi/13.2.1/thumb/v6-m/nofp\libc_nano.a(libc_a-makebuf.o)
 .ARM.attributes
                0x00000708       0x2c C:/NXP/MCUXpressoIDE_24.12.148/ide/tools/bin/../lib/gcc/arm-none-eabi/13.2.1/thumb/v6-m/nofp\libc_nano.a(libc_a-fstatr.o)
 .ARM.attributes
                0x00000734       0x2c C:/NXP/MCUXpressoIDE_24.12.148/ide/tools/bin/../lib/gcc/arm-none-eabi/13.2.1/thumb/v6-m/nofp\libc_nano.a(libc_a-isattyr.o)
 .ARM.attributes
                0x00000760       0x2c C:/NXP/MCUXpressoIDE_24.12.148/ide/tools/bin/../lib/gcc/arm-none-eabi/13.2.1/../../../../arm-none-eabi/lib/thumb/v6-m/nofp\libcr_newlib_nohost.a(_exit.o)
 .ARM.attributes
                0x0000078c       0x1e C:/NXP/MCUXpressoIDE_24.12.148/ide/tools/bin/../lib/gcc/arm-none-eabi/13.2.1/thumb/v6-m/nofp\libgcc.a(_thumb1_case_shi.o)
 .ARM.attributes
                0x000007aa       0x2c C:/NXP/MCUXpressoIDE_24.12.148/ide/tools/bin/../lib/gcc/arm-none-eabi/13.2.1/thumb/v6-m/nofp/crtend.o
 .ARM.attributes
                0x000007d6       0x1e C:/NXP/MCUXpressoIDE_24.12.148/ide/tools/bin/../lib/gcc/arm-none-eabi/13.2.1/thumb/v6-m/nofp/crtn.o
                0x00000001                        ASSERT ((__StackLimit >= __HeapLimit), region m_data overflowed with stack and heap)
OUTPUT(new_project.elf elf32-littlearm)
LOAD linker stubs

.debug_line_str
                0x00000000      0x366
 .debug_line_str
                0x00000000      0x366 C:/NXP/MCUXpressoIDE_24.12.148/ide/tools/bin/../lib/gcc/arm-none-eabi/13.2.1/thumb/v6-m/nofp/crt0.o
                                 0xd2 (size before relaxing)
 .debug_line_str
                0x00000366       0xe4 CMakeFiles/new_project.elf.dir/51379473afcbb21f9ac084c258db5091/workspace_lpc845/sdks/01.antirebote_sdk/devices/LPC845/gcc/startup_LPC845.S.obj
 .debug_line_str
                0x00000366       0xc9 C:/NXP/MCUXpressoIDE_24.12.148/ide/tools/bin/../lib/gcc/arm-none-eabi/13.2.1/thumb/v6-m/nofp\libgcc.a(_udivsi3.o)
 .debug_line_str
                0x00000366       0xc9 C:/NXP/MCUXpressoIDE_24.12.148/ide/tools/bin/../lib/gcc/arm-none-eabi/13.2.1/thumb/v6-m/nofp\libgcc.a(_dvmd_tls.o)
 .debug_line_str
                0x00000366       0xe7 C:/NXP/MCUXpressoIDE_24.12.148/ide/tools/bin/../lib/gcc/arm-none-eabi/13.2.1/thumb/v6-m/nofp\libc_nano.a(libc_a-strlen.o)
 .debug_line_str
                0x00000366       0xc9 C:/NXP/MCUXpressoIDE_24.12.148/ide/tools/bin/../lib/gcc/arm-none-eabi/13.2.1/thumb/v6-m/nofp\libgcc.a(_thumb1_case_shi.o)

.debug_info     0x00000000     0x54d8
 .debug_info    0x00000000      0x3d5 CMakeFiles/new_project.elf.dir/C_/Users/azori/OneDrive/Documentos/Taskflow/curso-lse/workspace_lpc845/01.antirebote/main.c.obj
 .debug_info    0x000003d5      0x37b CMakeFiles/new_project.elf.dir/51379473afcbb21f9ac084c258db5091/workspace_lpc845/sdks/01.antirebote_sdk/devices/LPC845/gcc/startup_LPC845.S.obj
 .debug_info    0x00000750      0x60e CMakeFiles/new_project.elf.dir/17f62c31b1ff391f615546bae7210b75/curso-lse/workspace_lpc845/sdks/01.antirebote_sdk/devices/LPC845/system_LPC845.c.obj
 .debug_info    0x00000d5e      0xde8 CMakeFiles/new_project.elf.dir/51379473afcbb21f9ac084c258db5091/workspace_lpc845/sdks/01.antirebote_sdk/devices/LPC845/drivers/fsl_gpio.c.obj
 .debug_info    0x00001b46     0x1dce CMakeFiles/new_project.elf.dir/51379473afcbb21f9ac084c258db5091/workspace_lpc845/sdks/01.antirebote_sdk/devices/LPC845/drivers/fsl_usart.c.obj
 .debug_info    0x00003914      0x719 CMakeFiles/new_project.elf.dir/51379473afcbb21f9ac084c258db5091/workspace_lpc845/sdks/01.antirebote_sdk/devices/LPC845/drivers/fsl_reset.c.obj
 .debug_info    0x0000402d      0x4eb CMakeFiles/new_project.elf.dir/7fd1c77224803d54901fb0ea1978e605/sdks/01.antirebote_sdk/devices/LPC845/utilities/fsl_syscall_stub.c.obj
 .debug_info    0x00004518      0x124 CMakeFiles/new_project.elf.dir/51379473afcbb21f9ac084c258db5091/workspace_lpc845/sdks/01.antirebote_sdk/devices/LPC845/utilities/fsl_sbrk.c.obj
 .debug_info    0x0000463c      0x126 CMakeFiles/new_project.elf.dir/7fd1c77224803d54901fb0ea1978e605/sdks/01.antirebote_sdk/devices/LPC845/utilities/debug_console_lite/fsl_assert.c.obj
 .debug_info    0x00004762      0xcd3 CMakeFiles/new_project.elf.dir/126f8b18a64c71b7b3cd0142d3fac2f2/01.antirebote_sdk/devices/LPC845/utilities/debug_console_lite/fsl_debug_console.c.obj
 .debug_info    0x00005435       0xa3 C:/NXP/MCUXpressoIDE_24.12.148/ide/tools/bin/../lib/gcc/arm-none-eabi/13.2.1/../../../../arm-none-eabi/lib/thumb/v6-m/nofp\libcr_newlib_nohost.a(_exit.o)

.debug_abbrev   0x00000000      0xf42
 .debug_abbrev  0x00000000      0x1b1 CMakeFiles/new_project.elf.dir/C_/Users/azori/OneDrive/Documentos/Taskflow/curso-lse/workspace_lpc845/01.antirebote/main.c.obj
 .debug_abbrev  0x000001b1       0x26 CMakeFiles/new_project.elf.dir/51379473afcbb21f9ac084c258db5091/workspace_lpc845/sdks/01.antirebote_sdk/devices/LPC845/gcc/startup_LPC845.S.obj
 .debug_abbrev  0x000001d7      0x16b CMakeFiles/new_project.elf.dir/17f62c31b1ff391f615546bae7210b75/curso-lse/workspace_lpc845/sdks/01.antirebote_sdk/devices/LPC845/system_LPC845.c.obj
 .debug_abbrev  0x00000342      0x1e8 CMakeFiles/new_project.elf.dir/51379473afcbb21f9ac084c258db5091/workspace_lpc845/sdks/01.antirebote_sdk/devices/LPC845/drivers/fsl_gpio.c.obj
 .debug_abbrev  0x0000052a      0x38f CMakeFiles/new_project.elf.dir/51379473afcbb21f9ac084c258db5091/workspace_lpc845/sdks/01.antirebote_sdk/devices/LPC845/drivers/fsl_usart.c.obj
 .debug_abbrev  0x000008b9      0x153 CMakeFiles/new_project.elf.dir/51379473afcbb21f9ac084c258db5091/workspace_lpc845/sdks/01.antirebote_sdk/devices/LPC845/drivers/fsl_reset.c.obj
 .debug_abbrev  0x00000a0c      0x10d CMakeFiles/new_project.elf.dir/7fd1c77224803d54901fb0ea1978e605/sdks/01.antirebote_sdk/devices/LPC845/utilities/fsl_syscall_stub.c.obj
 .debug_abbrev  0x00000b19       0xd8 CMakeFiles/new_project.elf.dir/51379473afcbb21f9ac084c258db5091/workspace_lpc845/sdks/01.antirebote_sdk/devices/LPC845/utilities/fsl_sbrk.c.obj
 .debug_abbrev  0x00000bf1       0xa8 CMakeFiles/new_project.elf.dir/7fd1c77224803d54901fb0ea1978e605/sdks/01.antirebote_sdk/devices/LPC845/utilities/debug_console_lite/fsl_assert.c.obj
 .debug_abbrev  0x00000c99      0x242 CMakeFiles/new_project.elf.dir/126f8b18a64c71b7b3cd0142d3fac2f2/01.antirebote_sdk/devices/LPC845/utilities/debug_console_lite/fsl_debug_console.c.obj
 .debug_abbrev  0x00000edb       0x67 C:/NXP/MCUXpressoIDE_24.12.148/ide/tools/bin/../lib/gcc/arm-none-eabi/13.2.1/../../../../arm-none-eabi/lib/thumb/v6-m/nofp\libcr_newlib_nohost.a(_exit.o)

.debug_aranges  0x00000000      0x360
 .debug_aranges
                0x00000000       0x28 CMakeFiles/new_project.elf.dir/C_/Users/azori/OneDrive/Documentos/Taskflow/curso-lse/workspace_lpc845/01.antirebote/main.c.obj
 .debug_aranges
                0x00000028       0x20 CMakeFiles/new_project.elf.dir/51379473afcbb21f9ac084c258db5091/workspace_lpc845/sdks/01.antirebote_sdk/devices/LPC845/gcc/startup_LPC845.S.obj
 .debug_aranges
                0x00000048       0x30 CMakeFiles/new_project.elf.dir/17f62c31b1ff391f615546bae7210b75/curso-lse/workspace_lpc845/sdks/01.antirebote_sdk/devices/LPC845/system_LPC845.c.obj
 .debug_aranges
                0x00000078       0x38 CMakeFiles/new_project.elf.dir/51379473afcbb21f9ac084c258db5091/workspace_lpc845/sdks/01.antirebote_sdk/devices/LPC845/drivers/fsl_gpio.c.obj
 .debug_aranges
                0x000000b0      0x128 CMakeFiles/new_project.elf.dir/51379473afcbb21f9ac084c258db5091/workspace_lpc845/sdks/01.antirebote_sdk/devices/LPC845/drivers/fsl_usart.c.obj
 .debug_aranges
                0x000001d8       0x30 CMakeFiles/new_project.elf.dir/51379473afcbb21f9ac084c258db5091/workspace_lpc845/sdks/01.antirebote_sdk/devices/LPC845/drivers/fsl_reset.c.obj
 .debug_aranges
                0x00000208       0x78 CMakeFiles/new_project.elf.dir/7fd1c77224803d54901fb0ea1978e605/sdks/01.antirebote_sdk/devices/LPC845/utilities/fsl_syscall_stub.c.obj
 .debug_aranges
                0x00000280       0x20 CMakeFiles/new_project.elf.dir/51379473afcbb21f9ac084c258db5091/workspace_lpc845/sdks/01.antirebote_sdk/devices/LPC845/utilities/fsl_sbrk.c.obj
 .debug_aranges
                0x000002a0       0x28 CMakeFiles/new_project.elf.dir/7fd1c77224803d54901fb0ea1978e605/sdks/01.antirebote_sdk/devices/LPC845/utilities/debug_console_lite/fsl_assert.c.obj
 .debug_aranges
                0x000002c8       0x78 CMakeFiles/new_project.elf.dir/126f8b18a64c71b7b3cd0142d3fac2f2/01.antirebote_sdk/devices/LPC845/utilities/debug_console_lite/fsl_debug_console.c.obj
 .debug_aranges
                0x00000340       0x20 C:/NXP/MCUXpressoIDE_24.12.148/ide/tools/bin/../lib/gcc/arm-none-eabi/13.2.1/../../../../arm-none-eabi/lib/thumb/v6-m/nofp\libcr_newlib_nohost.a(_exit.o)

.debug_rnglists
                0x00000000      0x23b
 .debug_rnglists
                0x00000000       0x1a CMakeFiles/new_project.elf.dir/C_/Users/azori/OneDrive/Documentos/Taskflow/curso-lse/workspace_lpc845/01.antirebote/main.c.obj
 .debug_rnglists
                0x0000001a       0x20 CMakeFiles/new_project.elf.dir/17f62c31b1ff391f615546bae7210b75/curso-lse/workspace_lpc845/sdks/01.antirebote_sdk/devices/LPC845/system_LPC845.c.obj
 .debug_rnglists
                0x0000003a       0x26 CMakeFiles/new_project.elf.dir/51379473afcbb21f9ac084c258db5091/workspace_lpc845/sdks/01.antirebote_sdk/devices/LPC845/drivers/fsl_gpio.c.obj
 .debug_rnglists
                0x00000060       0xe2 CMakeFiles/new_project.elf.dir/51379473afcbb21f9ac084c258db5091/workspace_lpc845/sdks/01.antirebote_sdk/devices/LPC845/drivers/fsl_usart.c.obj
 .debug_rnglists
                0x00000142       0x1f CMakeFiles/new_project.elf.dir/51379473afcbb21f9ac084c258db5091/workspace_lpc845/sdks/01.antirebote_sdk/devices/LPC845/drivers/fsl_reset.c.obj
 .debug_rnglists
                0x00000161       0x55 CMakeFiles/new_project.elf.dir/7fd1c77224803d54901fb0ea1978e605/sdks/01.antirebote_sdk/devices/LPC845/utilities/fsl_syscall_stub.c.obj
 .debug_rnglists
                0x000001b6       0x13 CMakeFiles/new_project.elf.dir/51379473afcbb21f9ac084c258db5091/workspace_lpc845/sdks/01.antirebote_sdk/devices/LPC845/utilities/fsl_sbrk.c.obj
 .debug_rnglists
                0x000001c9       0x19 CMakeFiles/new_project.elf.dir/7fd1c77224803d54901fb0ea1978e605/sdks/01.antirebote_sdk/devices/LPC845/utilities/debug_console_lite/fsl_assert.c.obj
 .debug_rnglists
                0x000001e2       0x59 CMakeFiles/new_project.elf.dir/126f8b18a64c71b7b3cd0142d3fac2f2/01.antirebote_sdk/devices/LPC845/utilities/debug_console_lite/fsl_debug_console.c.obj

.debug_line     0x00000000     0x2a43
 .debug_line    0x00000000      0x29c CMakeFiles/new_project.elf.dir/C_/Users/azori/OneDrive/Documentos/Taskflow/curso-lse/workspace_lpc845/01.antirebote/main.c.obj
 .debug_line    0x0000029c      0x136 CMakeFiles/new_project.elf.dir/51379473afcbb21f9ac084c258db5091/workspace_lpc845/sdks/01.antirebote_sdk/devices/LPC845/gcc/startup_LPC845.S.obj
 .debug_line    0x000003d2      0x403 CMakeFiles/new_project.elf.dir/17f62c31b1ff391f615546bae7210b75/curso-lse/workspace_lpc845/sdks/01.antirebote_sdk/devices/LPC845/system_LPC845.c.obj
 .debug_line    0x000007d5      0x31a CMakeFiles/new_project.elf.dir/51379473afcbb21f9ac084c258db5091/workspace_lpc845/sdks/01.antirebote_sdk/devices/LPC845/drivers/fsl_gpio.c.obj
 .debug_line    0x00000aef      0xdae CMakeFiles/new_project.elf.dir/51379473afcbb21f9ac084c258db5091/workspace_lpc845/sdks/01.antirebote_sdk/devices/LPC845/drivers/fsl_usart.c.obj
 .debug_line    0x0000189d      0x2bb CMakeFiles/new_project.elf.dir/51379473afcbb21f9ac084c258db5091/workspace_lpc845/sdks/01.antirebote_sdk/devices/LPC845/drivers/fsl_reset.c.obj
 .debug_line    0x00001b58      0x326 CMakeFiles/new_project.elf.dir/7fd1c77224803d54901fb0ea1978e605/sdks/01.antirebote_sdk/devices/LPC845/utilities/fsl_syscall_stub.c.obj
 .debug_line    0x00001e7e      0x1fa CMakeFiles/new_project.elf.dir/51379473afcbb21f9ac084c258db5091/workspace_lpc845/sdks/01.antirebote_sdk/devices/LPC845/utilities/fsl_sbrk.c.obj
 .debug_line    0x00002078      0x14c CMakeFiles/new_project.elf.dir/7fd1c77224803d54901fb0ea1978e605/sdks/01.antirebote_sdk/devices/LPC845/utilities/debug_console_lite/fsl_assert.c.obj
 .debug_line    0x000021c4      0x83b CMakeFiles/new_project.elf.dir/126f8b18a64c71b7b3cd0142d3fac2f2/01.antirebote_sdk/devices/LPC845/utilities/debug_console_lite/fsl_debug_console.c.obj
 .debug_line    0x000029ff       0x44 C:/NXP/MCUXpressoIDE_24.12.148/ide/tools/bin/../lib/gcc/arm-none-eabi/13.2.1/../../../../arm-none-eabi/lib/thumb/v6-m/nofp\libcr_newlib_nohost.a(_exit.o)

.debug_str      0x00000000     0x38de
 .debug_str     0x00000000     0x38de CMakeFiles/new_project.elf.dir/C_/Users/azori/OneDrive/Documentos/Taskflow/curso-lse/workspace_lpc845/01.antirebote/main.c.obj
                                0x3ca (size before relaxing)
 .debug_str     0x000038de      0x6c4 CMakeFiles/new_project.elf.dir/51379473afcbb21f9ac084c258db5091/workspace_lpc845/sdks/01.antirebote_sdk/devices/LPC845/gcc/startup_LPC845.S.obj
 .debug_str     0x000038de      0x5db CMakeFiles/new_project.elf.dir/17f62c31b1ff391f615546bae7210b75/curso-lse/workspace_lpc845/sdks/01.antirebote_sdk/devices/LPC845/system_LPC845.c.obj
 .debug_str     0x000038de     0x1595 CMakeFiles/new_project.elf.dir/51379473afcbb21f9ac084c258db5091/workspace_lpc845/sdks/01.antirebote_sdk/devices/LPC845/drivers/fsl_gpio.c.obj
 .debug_str     0x000038de     0x24a1 CMakeFiles/new_project.elf.dir/51379473afcbb21f9ac084c258db5091/workspace_lpc845/sdks/01.antirebote_sdk/devices/LPC845/drivers/fsl_usart.c.obj
 .debug_str     0x000038de      0x8bd CMakeFiles/new_project.elf.dir/51379473afcbb21f9ac084c258db5091/workspace_lpc845/sdks/01.antirebote_sdk/devices/LPC845/drivers/fsl_reset.c.obj
 .debug_str     0x000038de      0x423 CMakeFiles/new_project.elf.dir/7fd1c77224803d54901fb0ea1978e605/sdks/01.antirebote_sdk/devices/LPC845/utilities/fsl_syscall_stub.c.obj
 .debug_str     0x000038de      0x2a3 CMakeFiles/new_project.elf.dir/51379473afcbb21f9ac084c258db5091/workspace_lpc845/sdks/01.antirebote_sdk/devices/LPC845/utilities/fsl_sbrk.c.obj
 .debug_str     0x000038de      0x2a1 CMakeFiles/new_project.elf.dir/7fd1c77224803d54901fb0ea1978e605/sdks/01.antirebote_sdk/devices/LPC845/utilities/debug_console_lite/fsl_assert.c.obj
 .debug_str     0x000038de     0x143b CMakeFiles/new_project.elf.dir/126f8b18a64c71b7b3cd0142d3fac2f2/01.antirebote_sdk/devices/LPC845/utilities/debug_console_lite/fsl_debug_console.c.obj
 .debug_str     0x000038de      0x1b8 C:/NXP/MCUXpressoIDE_24.12.148/ide/tools/bin/../lib/gcc/arm-none-eabi/13.2.1/../../../../arm-none-eabi/lib/thumb/v6-m/nofp\libcr_newlib_nohost.a(_exit.o)

.comment        0x00000000       0x44
 .comment       0x00000000       0x44 CMakeFiles/new_project.elf.dir/C_/Users/azori/OneDrive/Documentos/Taskflow/curso-lse/workspace_lpc845/01.antirebote/main.c.obj
                                 0x45 (size before relaxing)
 .comment       0x00000044       0x45 CMakeFiles/new_project.elf.dir/17f62c31b1ff391f615546bae7210b75/curso-lse/workspace_lpc845/sdks/01.antirebote_sdk/devices/LPC845/system_LPC845.c.obj
 .comment       0x00000044       0x45 CMakeFiles/new_project.elf.dir/51379473afcbb21f9ac084c258db5091/workspace_lpc845/sdks/01.antirebote_sdk/devices/LPC845/drivers/fsl_gpio.c.obj
 .comment       0x00000044       0x45 CMakeFiles/new_project.elf.dir/51379473afcbb21f9ac084c258db5091/workspace_lpc845/sdks/01.antirebote_sdk/devices/LPC845/drivers/fsl_usart.c.obj
 .comment       0x00000044       0x45 CMakeFiles/new_project.elf.dir/51379473afcbb21f9ac084c258db5091/workspace_lpc845/sdks/01.antirebote_sdk/devices/LPC845/drivers/fsl_reset.c.obj
 .comment       0x00000044       0x45 CMakeFiles/new_project.elf.dir/7fd1c77224803d54901fb0ea1978e605/sdks/01.antirebote_sdk/devices/LPC845/utilities/fsl_syscall_stub.c.obj
 .comment       0x00000044       0x45 CMakeFiles/new_project.elf.dir/51379473afcbb21f9ac084c258db5091/workspace_lpc845/sdks/01.antirebote_sdk/devices/LPC845/utilities/fsl_sbrk.c.obj
 .comment       0x00000044       0x45 CMakeFiles/new_project.elf.dir/7fd1c77224803d54901fb0ea1978e605/sdks/01.antirebote_sdk/devices/LPC845/utilities/debug_console_lite/fsl_assert.c.obj
 .comment       0x00000044       0x45 CMakeFiles/new_project.elf.dir/126f8b18a64c71b7b3cd0142d3fac2f2/01.antirebote_sdk/devices/LPC845/utilities/debug_console_lite/fsl_debug_console.c.obj
 .comment       0x00000044       0x45 C:/NXP/MCUXpressoIDE_24.12.148/ide/tools/bin/../lib/gcc/arm-none-eabi/13.2.1/../../../../arm-none-eabi/lib/thumb/v6-m/nofp\libcr_newlib_nohost.a(_exit.o)

.debug_frame    0x00000000     0x11dc
 .debug_frame   0x00000000       0x50 CMakeFiles/new_project.elf.dir/C_/Users/azori/OneDrive/Documentos/Taskflow/curso-lse/workspace_lpc845/01.antirebote/main.c.obj
 .debug_frame   0x00000050       0x68 CMakeFiles/new_project.elf.dir/17f62c31b1ff391f615546bae7210b75/curso-lse/workspace_lpc845/sdks/01.antirebote_sdk/devices/LPC845/system_LPC845.c.obj
 .debug_frame   0x000000b8       0x90 CMakeFiles/new_project.elf.dir/51379473afcbb21f9ac084c258db5091/workspace_lpc845/sdks/01.antirebote_sdk/devices/LPC845/drivers/fsl_gpio.c.obj
 .debug_frame   0x00000148      0x43c CMakeFiles/new_project.elf.dir/51379473afcbb21f9ac084c258db5091/workspace_lpc845/sdks/01.antirebote_sdk/devices/LPC845/drivers/fsl_usart.c.obj
 .debug_frame   0x00000584       0x70 CMakeFiles/new_project.elf.dir/51379473afcbb21f9ac084c258db5091/workspace_lpc845/sdks/01.antirebote_sdk/devices/LPC845/drivers/fsl_reset.c.obj
 .debug_frame   0x000005f4      0x18c CMakeFiles/new_project.elf.dir/7fd1c77224803d54901fb0ea1978e605/sdks/01.antirebote_sdk/devices/LPC845/utilities/fsl_syscall_stub.c.obj
 .debug_frame   0x00000780       0x30 CMakeFiles/new_project.elf.dir/51379473afcbb21f9ac084c258db5091/workspace_lpc845/sdks/01.antirebote_sdk/devices/LPC845/utilities/fsl_sbrk.c.obj
 .debug_frame   0x000007b0       0x50 CMakeFiles/new_project.elf.dir/7fd1c77224803d54901fb0ea1978e605/sdks/01.antirebote_sdk/devices/LPC845/utilities/debug_console_lite/fsl_assert.c.obj
 .debug_frame   0x00000800      0x190 CMakeFiles/new_project.elf.dir/126f8b18a64c71b7b3cd0142d3fac2f2/01.antirebote_sdk/devices/LPC845/utilities/debug_console_lite/fsl_debug_console.c.obj
 .debug_frame   0x00000990       0x20 C:/NXP/MCUXpressoIDE_24.12.148/ide/tools/bin/../lib/gcc/arm-none-eabi/13.2.1/thumb/v6-m/nofp\libgcc.a(_udivsi3.o)
 .debug_frame   0x000009b0       0x28 C:/NXP/MCUXpressoIDE_24.12.148/ide/tools/bin/../lib/gcc/arm-none-eabi/13.2.1/thumb/v6-m/nofp\libc_nano.a(libc_a-exit.o)
 .debug_frame   0x000009d8       0x50 C:/NXP/MCUXpressoIDE_24.12.148/ide/tools/bin/../lib/gcc/arm-none-eabi/13.2.1/thumb/v6-m/nofp\libc_nano.a(libc_a-mallocr.o)
 .debug_frame   0x00000a28       0x40 C:/NXP/MCUXpressoIDE_24.12.148/ide/tools/bin/../lib/gcc/arm-none-eabi/13.2.1/thumb/v6-m/nofp\libc_nano.a(libc_a-mlock.o)
 .debug_frame   0x00000a68      0x138 C:/NXP/MCUXpressoIDE_24.12.148/ide/tools/bin/../lib/gcc/arm-none-eabi/13.2.1/thumb/v6-m/nofp\libc_nano.a(libc_a-findfp.o)
 .debug_frame   0x00000ba0       0x34 C:/NXP/MCUXpressoIDE_24.12.148/ide/tools/bin/../lib/gcc/arm-none-eabi/13.2.1/thumb/v6-m/nofp\libc_nano.a(libc_a-fwalk.o)
 .debug_frame   0x00000bd4       0x4c C:/NXP/MCUXpressoIDE_24.12.148/ide/tools/bin/../lib/gcc/arm-none-eabi/13.2.1/thumb/v6-m/nofp\libc_nano.a(libc_a-printf.o)
 .debug_frame   0x00000c20       0x90 C:/NXP/MCUXpressoIDE_24.12.148/ide/tools/bin/../lib/gcc/arm-none-eabi/13.2.1/thumb/v6-m/nofp\libc_nano.a(libc_a-stdio.o)
 .debug_frame   0x00000cb0       0x20 C:/NXP/MCUXpressoIDE_24.12.148/ide/tools/bin/../lib/gcc/arm-none-eabi/13.2.1/thumb/v6-m/nofp\libc_nano.a(libc_a-memset.o)
 .debug_frame   0x00000cd0       0x2c C:/NXP/MCUXpressoIDE_24.12.148/ide/tools/bin/../lib/gcc/arm-none-eabi/13.2.1/thumb/v6-m/nofp\libc_nano.a(libc_a-closer.o)
 .debug_frame   0x00000cfc       0x2c C:/NXP/MCUXpressoIDE_24.12.148/ide/tools/bin/../lib/gcc/arm-none-eabi/13.2.1/thumb/v6-m/nofp\libc_nano.a(libc_a-reent.o)
 .debug_frame   0x00000d28       0x2c C:/NXP/MCUXpressoIDE_24.12.148/ide/tools/bin/../lib/gcc/arm-none-eabi/13.2.1/thumb/v6-m/nofp\libc_nano.a(libc_a-lseekr.o)
 .debug_frame   0x00000d54       0x2c C:/NXP/MCUXpressoIDE_24.12.148/ide/tools/bin/../lib/gcc/arm-none-eabi/13.2.1/thumb/v6-m/nofp\libc_nano.a(libc_a-readr.o)
 .debug_frame   0x00000d80       0x2c C:/NXP/MCUXpressoIDE_24.12.148/ide/tools/bin/../lib/gcc/arm-none-eabi/13.2.1/thumb/v6-m/nofp\libc_nano.a(libc_a-sbrkr.o)
 .debug_frame   0x00000dac       0x2c C:/NXP/MCUXpressoIDE_24.12.148/ide/tools/bin/../lib/gcc/arm-none-eabi/13.2.1/thumb/v6-m/nofp\libc_nano.a(libc_a-writer.o)
 .debug_frame   0x00000dd8       0x20 C:/NXP/MCUXpressoIDE_24.12.148/ide/tools/bin/../lib/gcc/arm-none-eabi/13.2.1/thumb/v6-m/nofp\libc_nano.a(libc_a-errno.o)
 .debug_frame   0x00000df8       0x2c C:/NXP/MCUXpressoIDE_24.12.148/ide/tools/bin/../lib/gcc/arm-none-eabi/13.2.1/thumb/v6-m/nofp\libc_nano.a(libc_a-init.o)
 .debug_frame   0x00000e24       0xb0 C:/NXP/MCUXpressoIDE_24.12.148/ide/tools/bin/../lib/gcc/arm-none-eabi/13.2.1/thumb/v6-m/nofp\libc_nano.a(libc_a-lock.o)
 .debug_frame   0x00000ed4       0x28 C:/NXP/MCUXpressoIDE_24.12.148/ide/tools/bin/../lib/gcc/arm-none-eabi/13.2.1/thumb/v6-m/nofp\libc_nano.a(libc_a-memcpy-stub.o)
 .debug_frame   0x00000efc       0x2c C:/NXP/MCUXpressoIDE_24.12.148/ide/tools/bin/../lib/gcc/arm-none-eabi/13.2.1/thumb/v6-m/nofp\libc_nano.a(libc_a-freer.o)
 .debug_frame   0x00000f28       0x9c C:/NXP/MCUXpressoIDE_24.12.148/ide/tools/bin/../lib/gcc/arm-none-eabi/13.2.1/thumb/v6-m/nofp\libc_nano.a(libc_a-nano-vfprintf.o)
 .debug_frame   0x00000fc4       0x54 C:/NXP/MCUXpressoIDE_24.12.148/ide/tools/bin/../lib/gcc/arm-none-eabi/13.2.1/thumb/v6-m/nofp\libc_nano.a(libc_a-nano-vfprintf_i.o)
 .debug_frame   0x00001018       0x68 C:/NXP/MCUXpressoIDE_24.12.148/ide/tools/bin/../lib/gcc/arm-none-eabi/13.2.1/thumb/v6-m/nofp\libc_nano.a(libc_a-fflush.o)
 .debug_frame   0x00001080       0x48 C:/NXP/MCUXpressoIDE_24.12.148/ide/tools/bin/../lib/gcc/arm-none-eabi/13.2.1/thumb/v6-m/nofp\libc_nano.a(libc_a-wbuf.o)
 .debug_frame   0x000010c8       0x2c C:/NXP/MCUXpressoIDE_24.12.148/ide/tools/bin/../lib/gcc/arm-none-eabi/13.2.1/thumb/v6-m/nofp\libc_nano.a(libc_a-wsetup.o)
 .debug_frame   0x000010f4       0x20 C:/NXP/MCUXpressoIDE_24.12.148/ide/tools/bin/../lib/gcc/arm-none-eabi/13.2.1/thumb/v6-m/nofp\libc_nano.a(libc_a-memchr-stub.o)
 .debug_frame   0x00001114       0x50 C:/NXP/MCUXpressoIDE_24.12.148/ide/tools/bin/../lib/gcc/arm-none-eabi/13.2.1/thumb/v6-m/nofp\libc_nano.a(libc_a-makebuf.o)
 .debug_frame   0x00001164       0x2c C:/NXP/MCUXpressoIDE_24.12.148/ide/tools/bin/../lib/gcc/arm-none-eabi/13.2.1/thumb/v6-m/nofp\libc_nano.a(libc_a-fstatr.o)
 .debug_frame   0x00001190       0x2c C:/NXP/MCUXpressoIDE_24.12.148/ide/tools/bin/../lib/gcc/arm-none-eabi/13.2.1/thumb/v6-m/nofp\libc_nano.a(libc_a-isattyr.o)
 .debug_frame   0x000011bc       0x20 C:/NXP/MCUXpressoIDE_24.12.148/ide/tools/bin/../lib/gcc/arm-none-eabi/13.2.1/../../../../arm-none-eabi/lib/thumb/v6-m/nofp\libcr_newlib_nohost.a(_exit.o)

.debug_loc      0x00000000       0x15
 .debug_loc     0x00000000       0x15 C:/NXP/MCUXpressoIDE_24.12.148/ide/tools/bin/../lib/gcc/arm-none-eabi/13.2.1/../../../../arm-none-eabi/lib/thumb/v6-m/nofp\libcr_newlib_nohost.a(_exit.o)

.debug_ranges   0x00000000       0x10
 .debug_ranges  0x00000000       0x10 C:/NXP/MCUXpressoIDE_24.12.148/ide/tools/bin/../lib/gcc/arm-none-eabi/13.2.1/../../../../arm-none-eabi/lib/thumb/v6-m/nofp\libcr_newlib_nohost.a(_exit.o)
